Archive member included to satisfy reference by file (symbol)

C:\Users\Steve\Desktop\arduino_pomodoro\arduino_pomodoro\ArduinoCore\Debug\libArduinoCore.a(HardwareSerial.o)
                              main.o (_ZN14HardwareSerial5beginEmh)
C:\Users\Steve\Desktop\arduino_pomodoro\arduino_pomodoro\ArduinoCore\Debug\libArduinoCore.a(HardwareSerial0.o)
                              main.o (Serial)
C:\Users\Steve\Desktop\arduino_pomodoro\arduino_pomodoro\ArduinoCore\Debug\libArduinoCore.a(main.o)
                              D:/Program Files (x86)/Atmel/Studio/7.0/Packs/atmel/ATmega_DFP/1.2.209/gcc/dev/atmega328p/avr5/crtatmega328p.o (main)
C:\Users\Steve\Desktop\arduino_pomodoro\arduino_pomodoro\ArduinoCore\Debug\libArduinoCore.a(new.o)
                              main.o (_Znwj)
C:\Users\Steve\Desktop\arduino_pomodoro\arduino_pomodoro\ArduinoCore\Debug\libArduinoCore.a(Print.o)
                              C:\Users\Steve\Desktop\arduino_pomodoro\arduino_pomodoro\ArduinoCore\Debug\libArduinoCore.a(HardwareSerial.o) (_ZN5Print5writeEPKhj)
C:\Users\Steve\Desktop\arduino_pomodoro\arduino_pomodoro\ArduinoCore\Debug\libArduinoCore.a(wiring.o)
                              batteryMonitor.o (millis)
C:\Users\Steve\Desktop\arduino_pomodoro\arduino_pomodoro\ArduinoCore\Debug\libArduinoCore.a(wiring_digital.o)
                              batteryMonitor.o (pinMode)
C:\Users\Steve\Desktop\arduino_pomodoro\arduino_pomodoro\ArduinoCore\Debug\libArduinoCore.a(abi.o)
                              C:\Users\Steve\Desktop\arduino_pomodoro\arduino_pomodoro\ArduinoCore\Debug\libArduinoCore.a(Print.o) (__cxa_pure_virtual)
C:\Users\Steve\Desktop\arduino_pomodoro\arduino_pomodoro\ArduinoCore\Debug\libArduinoCore.a(hooks.o)
                              C:\Users\Steve\Desktop\arduino_pomodoro\arduino_pomodoro\ArduinoCore\Debug\libArduinoCore.a(wiring.o) (yield)
d:/program files (x86)/atmel/studio/7.0/toolchain/avr8/avr8-gnu-toolchain/bin/../lib/gcc/avr/5.4.0/../../../../avr/lib/avr5\libm.a(addsf3.o)
                              C:\Users\Steve\Desktop\arduino_pomodoro\arduino_pomodoro\ArduinoCore\Debug\libArduinoCore.a(Print.o) (__subsf3)
d:/program files (x86)/atmel/studio/7.0/toolchain/avr8/avr8-gnu-toolchain/bin/../lib/gcc/avr/5.4.0/../../../../avr/lib/avr5\libm.a(addsf3x.o)
                              d:/program files (x86)/atmel/studio/7.0/toolchain/avr8/avr8-gnu-toolchain/bin/../lib/gcc/avr/5.4.0/../../../../avr/lib/avr5\libm.a(addsf3.o) (__addsf3x)
d:/program files (x86)/atmel/studio/7.0/toolchain/avr8/avr8-gnu-toolchain/bin/../lib/gcc/avr/5.4.0/../../../../avr/lib/avr5\libm.a(cmpsf2.o)
                              C:\Users\Steve\Desktop\arduino_pomodoro\arduino_pomodoro\ArduinoCore\Debug\libArduinoCore.a(Print.o) (__ltsf2)
d:/program files (x86)/atmel/studio/7.0/toolchain/avr8/avr8-gnu-toolchain/bin/../lib/gcc/avr/5.4.0/../../../../avr/lib/avr5\libm.a(divsf3.o)
                              C:\Users\Steve\Desktop\arduino_pomodoro\arduino_pomodoro\ArduinoCore\Debug\libArduinoCore.a(Print.o) (__divsf3)
d:/program files (x86)/atmel/studio/7.0/toolchain/avr8/avr8-gnu-toolchain/bin/../lib/gcc/avr/5.4.0/../../../../avr/lib/avr5\libm.a(divsf3x.o)
                              d:/program files (x86)/atmel/studio/7.0/toolchain/avr8/avr8-gnu-toolchain/bin/../lib/gcc/avr/5.4.0/../../../../avr/lib/avr5\libm.a(divsf3.o) (__divsf3x)
d:/program files (x86)/atmel/studio/7.0/toolchain/avr8/avr8-gnu-toolchain/bin/../lib/gcc/avr/5.4.0/../../../../avr/lib/avr5\libm.a(fixunssfsi.o)
                              C:\Users\Steve\Desktop\arduino_pomodoro\arduino_pomodoro\ArduinoCore\Debug\libArduinoCore.a(Print.o) (__fixunssfsi)
d:/program files (x86)/atmel/studio/7.0/toolchain/avr8/avr8-gnu-toolchain/bin/../lib/gcc/avr/5.4.0/../../../../avr/lib/avr5\libm.a(floatsisf.o)
                              C:\Users\Steve\Desktop\arduino_pomodoro\arduino_pomodoro\ArduinoCore\Debug\libArduinoCore.a(Print.o) (__floatunsisf)
d:/program files (x86)/atmel/studio/7.0/toolchain/avr8/avr8-gnu-toolchain/bin/../lib/gcc/avr/5.4.0/../../../../avr/lib/avr5\libm.a(fp_cmp.o)
                              d:/program files (x86)/atmel/studio/7.0/toolchain/avr8/avr8-gnu-toolchain/bin/../lib/gcc/avr/5.4.0/../../../../avr/lib/avr5\libm.a(cmpsf2.o) (__fp_cmp)
d:/program files (x86)/atmel/studio/7.0/toolchain/avr8/avr8-gnu-toolchain/bin/../lib/gcc/avr/5.4.0/../../../../avr/lib/avr5\libm.a(fp_inf.o)
                              d:/program files (x86)/atmel/studio/7.0/toolchain/avr8/avr8-gnu-toolchain/bin/../lib/gcc/avr/5.4.0/../../../../avr/lib/avr5\libm.a(addsf3x.o) (__fp_inf)
d:/program files (x86)/atmel/studio/7.0/toolchain/avr8/avr8-gnu-toolchain/bin/../lib/gcc/avr/5.4.0/../../../../avr/lib/avr5\libm.a(fp_nan.o)
                              d:/program files (x86)/atmel/studio/7.0/toolchain/avr8/avr8-gnu-toolchain/bin/../lib/gcc/avr/5.4.0/../../../../avr/lib/avr5\libm.a(addsf3x.o) (__fp_nan)
d:/program files (x86)/atmel/studio/7.0/toolchain/avr8/avr8-gnu-toolchain/bin/../lib/gcc/avr/5.4.0/../../../../avr/lib/avr5\libm.a(fp_pscA.o)
                              d:/program files (x86)/atmel/studio/7.0/toolchain/avr8/avr8-gnu-toolchain/bin/../lib/gcc/avr/5.4.0/../../../../avr/lib/avr5\libm.a(addsf3x.o) (__fp_pscA)
d:/program files (x86)/atmel/studio/7.0/toolchain/avr8/avr8-gnu-toolchain/bin/../lib/gcc/avr/5.4.0/../../../../avr/lib/avr5\libm.a(fp_pscB.o)
                              d:/program files (x86)/atmel/studio/7.0/toolchain/avr8/avr8-gnu-toolchain/bin/../lib/gcc/avr/5.4.0/../../../../avr/lib/avr5\libm.a(addsf3x.o) (__fp_pscB)
d:/program files (x86)/atmel/studio/7.0/toolchain/avr8/avr8-gnu-toolchain/bin/../lib/gcc/avr/5.4.0/../../../../avr/lib/avr5\libm.a(fp_round.o)
                              d:/program files (x86)/atmel/studio/7.0/toolchain/avr8/avr8-gnu-toolchain/bin/../lib/gcc/avr/5.4.0/../../../../avr/lib/avr5\libm.a(addsf3.o) (__fp_round)
d:/program files (x86)/atmel/studio/7.0/toolchain/avr8/avr8-gnu-toolchain/bin/../lib/gcc/avr/5.4.0/../../../../avr/lib/avr5\libm.a(fp_split3.o)
                              d:/program files (x86)/atmel/studio/7.0/toolchain/avr8/avr8-gnu-toolchain/bin/../lib/gcc/avr/5.4.0/../../../../avr/lib/avr5\libm.a(addsf3x.o) (__fp_split3)
d:/program files (x86)/atmel/studio/7.0/toolchain/avr8/avr8-gnu-toolchain/bin/../lib/gcc/avr/5.4.0/../../../../avr/lib/avr5\libm.a(fp_zero.o)
                              d:/program files (x86)/atmel/studio/7.0/toolchain/avr8/avr8-gnu-toolchain/bin/../lib/gcc/avr/5.4.0/../../../../avr/lib/avr5\libm.a(addsf3x.o) (__fp_zero)
d:/program files (x86)/atmel/studio/7.0/toolchain/avr8/avr8-gnu-toolchain/bin/../lib/gcc/avr/5.4.0/../../../../avr/lib/avr5\libm.a(gesf2.o)
                              C:\Users\Steve\Desktop\arduino_pomodoro\arduino_pomodoro\ArduinoCore\Debug\libArduinoCore.a(Print.o) (__gtsf2)
d:/program files (x86)/atmel/studio/7.0/toolchain/avr8/avr8-gnu-toolchain/bin/../lib/gcc/avr/5.4.0/../../../../avr/lib/avr5\libm.a(mulsf3.o)
                              C:\Users\Steve\Desktop\arduino_pomodoro\arduino_pomodoro\ArduinoCore\Debug\libArduinoCore.a(Print.o) (__mulsf3)
d:/program files (x86)/atmel/studio/7.0/toolchain/avr8/avr8-gnu-toolchain/bin/../lib/gcc/avr/5.4.0/../../../../avr/lib/avr5\libm.a(mulsf3x.o)
                              d:/program files (x86)/atmel/studio/7.0/toolchain/avr8/avr8-gnu-toolchain/bin/../lib/gcc/avr/5.4.0/../../../../avr/lib/avr5\libm.a(mulsf3.o) (__mulsf3x)
d:/program files (x86)/atmel/studio/7.0/toolchain/avr8/avr8-gnu-toolchain/bin/../lib/gcc/avr/5.4.0/../../../../avr/lib/avr5\libm.a(unordsf2.o)
                              C:\Users\Steve\Desktop\arduino_pomodoro\arduino_pomodoro\ArduinoCore\Debug\libArduinoCore.a(Print.o) (__unordsf2)
d:/program files (x86)/atmel/studio/7.0/toolchain/avr8/avr8-gnu-toolchain/bin/../lib/gcc/avr/5.4.0/avr5\libgcc.a(_udivmodsi4.o)
                              C:\Users\Steve\Desktop\arduino_pomodoro\arduino_pomodoro\ArduinoCore\Debug\libArduinoCore.a(HardwareSerial.o) (__udivmodsi4)
d:/program files (x86)/atmel/studio/7.0/toolchain/avr8/avr8-gnu-toolchain/bin/../lib/gcc/avr/5.4.0/avr5\libgcc.a(_exit.o)
                              D:/Program Files (x86)/Atmel/Studio/7.0/Packs/atmel/ATmega_DFP/1.2.209/gcc/dev/atmega328p/avr5/crtatmega328p.o (exit)
d:/program files (x86)/atmel/studio/7.0/toolchain/avr8/avr8-gnu-toolchain/bin/../lib/gcc/avr/5.4.0/avr5\libgcc.a(_copy_data.o)
                              main.o (__do_copy_data)
d:/program files (x86)/atmel/studio/7.0/toolchain/avr8/avr8-gnu-toolchain/bin/../lib/gcc/avr/5.4.0/avr5\libgcc.a(_clear_bss.o)
                              main.o (__do_clear_bss)
d:/program files (x86)/atmel/studio/7.0/toolchain/avr8/avr8-gnu-toolchain/bin/../lib/gcc/avr/5.4.0/avr5\libgcc.a(_ctors.o)
                              C:\Users\Steve\Desktop\arduino_pomodoro\arduino_pomodoro\ArduinoCore\Debug\libArduinoCore.a(HardwareSerial0.o) (__do_global_ctors)
d:/program files (x86)/atmel/studio/7.0/toolchain/avr8/avr8-gnu-toolchain/bin/../lib/gcc/avr/5.4.0/avr5\libgcc.a(_tablejump2.o)
                              d:/program files (x86)/atmel/studio/7.0/toolchain/avr8/avr8-gnu-toolchain/bin/../lib/gcc/avr/5.4.0/avr5\libgcc.a(_ctors.o) (__tablejump2__)
d:/program files (x86)/atmel/studio/7.0/toolchain/avr8/avr8-gnu-toolchain/bin/../lib/gcc/avr/5.4.0/../../../../avr/lib/avr5\libc.a(malloc.o)
                              C:\Users\Steve\Desktop\arduino_pomodoro\arduino_pomodoro\ArduinoCore\Debug\libArduinoCore.a(new.o) (malloc)
d:/program files (x86)/atmel/studio/7.0/toolchain/avr8/avr8-gnu-toolchain/bin/../lib/gcc/avr/5.4.0/../../../../avr/lib/avr5\libc.a(abort.o)
                              C:\Users\Steve\Desktop\arduino_pomodoro\arduino_pomodoro\ArduinoCore\Debug\libArduinoCore.a(abi.o) (abort)

Allocating common symbols
Common symbol       size              file

__brkval            0x2               d:/program files (x86)/atmel/studio/7.0/toolchain/avr8/avr8-gnu-toolchain/bin/../lib/gcc/avr/5.4.0/../../../../avr/lib/avr5\libc.a(malloc.o)
__flp               0x2               d:/program files (x86)/atmel/studio/7.0/toolchain/avr8/avr8-gnu-toolchain/bin/../lib/gcc/avr/5.4.0/../../../../avr/lib/avr5\libc.a(malloc.o)

Discarded input sections

 .data          0x00000000        0x0 D:/Program Files (x86)/Atmel/Studio/7.0/Packs/atmel/ATmega_DFP/1.2.209/gcc/dev/atmega328p/avr5/crtatmega328p.o
 .bss           0x00000000        0x0 D:/Program Files (x86)/Atmel/Studio/7.0/Packs/atmel/ATmega_DFP/1.2.209/gcc/dev/atmega328p/avr5/crtatmega328p.o
 .text          0x00000000        0x0 batteryMonitor.o
 .data          0x00000000        0x0 batteryMonitor.o
 .bss           0x00000000        0x0 batteryMonitor.o
 .text._ZN14BatteryMonitorD2Ev
                0x00000000        0x2 batteryMonitor.o
 .text          0x00000000        0x0 button.o
 .data          0x00000000        0x0 button.o
 .bss           0x00000000        0x0 button.o
 .text._ZN6Button9disattachEv
                0x00000000       0x1a button.o
 .text._ZN6ButtonD2Ev
                0x00000000        0x4 button.o
 .text._ZN6Button10isFallEdgeEv
                0x00000000       0xbc button.o
 .text          0x00000000        0x0 condition.o
 .data          0x00000000        0x0 condition.o
 .bss           0x00000000        0x0 condition.o
 .debug_info    0x00000000      0x157 condition.o
 .debug_abbrev  0x00000000       0x79 condition.o
 .debug_aranges
                0x00000000       0x18 condition.o
 .debug_line    0x00000000       0xe7 condition.o
 .debug_str     0x00000000      0x258 condition.o
 .comment       0x00000000       0x31 condition.o
 .text          0x00000000        0x0 led.o
 .data          0x00000000        0x0 led.o
 .bss           0x00000000        0x0 led.o
 .text._ZN3LED9disattachEv
                0x00000000       0x1a led.o
 .text._ZN3LEDD2Ev
                0x00000000        0x4 led.o
 .text._ZN3LED10resetBlinkEv
                0x00000000        0x6 led.o
 .text          0x00000000        0x0 motor.o
 .data          0x00000000        0x0 motor.o
 .bss           0x00000000        0x0 motor.o
 .text._ZN5MotorD2Ev
                0x00000000       0x1a motor.o
 .text._ZN5Motor7reverseEv
                0x00000000        0xe motor.o
 .text          0x00000000        0x0 pin.o
 .data          0x00000000        0x0 pin.o
 .bss           0x00000000        0x0 pin.o
 .text          0x00000000        0x0 main.o
 .data          0x00000000        0x0 main.o
 .bss           0x00000000        0x0 main.o
 .text._Z23is_pause_button_pressedv
                0x00000000        0x4 main.o
 .text._Z23is_start_button_pressedv
                0x00000000        0x4 main.o
 .text          0x00000000        0x0 timer.o
 .data          0x00000000        0x0 timer.o
 .bss           0x00000000        0x0 timer.o
 .text._ZN5TimerD2Ev
                0x00000000        0x2 timer.o
 .text._ZN5Timer8setTimerEj
                0x00000000        0x8 timer.o
 .text._ZN5Timer12setThresholdEj
                0x00000000        0x8 timer.o
 .group         0x00000000        0x8 C:\Users\Steve\Desktop\arduino_pomodoro\arduino_pomodoro\ArduinoCore\Debug\libArduinoCore.a(HardwareSerial.o)
 .text          0x00000000        0x0 C:\Users\Steve\Desktop\arduino_pomodoro\arduino_pomodoro\ArduinoCore\Debug\libArduinoCore.a(HardwareSerial.o)
 .data          0x00000000        0x0 C:\Users\Steve\Desktop\arduino_pomodoro\arduino_pomodoro\ArduinoCore\Debug\libArduinoCore.a(HardwareSerial.o)
 .bss           0x00000000        0x0 C:\Users\Steve\Desktop\arduino_pomodoro\arduino_pomodoro\ArduinoCore\Debug\libArduinoCore.a(HardwareSerial.o)
 .text._ZN14HardwareSerial3endEv
                0x00000000       0x44 C:\Users\Steve\Desktop\arduino_pomodoro\arduino_pomodoro\ArduinoCore\Debug\libArduinoCore.a(HardwareSerial.o)
 .group         0x00000000        0x8 C:\Users\Steve\Desktop\arduino_pomodoro\arduino_pomodoro\ArduinoCore\Debug\libArduinoCore.a(HardwareSerial0.o)
 .group         0x00000000        0x8 C:\Users\Steve\Desktop\arduino_pomodoro\arduino_pomodoro\ArduinoCore\Debug\libArduinoCore.a(HardwareSerial0.o)
 .text          0x00000000        0x0 C:\Users\Steve\Desktop\arduino_pomodoro\arduino_pomodoro\ArduinoCore\Debug\libArduinoCore.a(HardwareSerial0.o)
 .data          0x00000000        0x0 C:\Users\Steve\Desktop\arduino_pomodoro\arduino_pomodoro\ArduinoCore\Debug\libArduinoCore.a(HardwareSerial0.o)
 .bss           0x00000000        0x0 C:\Users\Steve\Desktop\arduino_pomodoro\arduino_pomodoro\ArduinoCore\Debug\libArduinoCore.a(HardwareSerial0.o)
 .text._ZN5Print17availableForWriteEv
                0x00000000        0x6 C:\Users\Steve\Desktop\arduino_pomodoro\arduino_pomodoro\ArduinoCore\Debug\libArduinoCore.a(HardwareSerial0.o)
 .text._ZN5Print5flushEv
                0x00000000        0x2 C:\Users\Steve\Desktop\arduino_pomodoro\arduino_pomodoro\ArduinoCore\Debug\libArduinoCore.a(HardwareSerial0.o)
 .text          0x00000000        0x0 C:\Users\Steve\Desktop\arduino_pomodoro\arduino_pomodoro\ArduinoCore\Debug\libArduinoCore.a(main.o)
 .data          0x00000000        0x0 C:\Users\Steve\Desktop\arduino_pomodoro\arduino_pomodoro\ArduinoCore\Debug\libArduinoCore.a(main.o)
 .bss           0x00000000        0x0 C:\Users\Steve\Desktop\arduino_pomodoro\arduino_pomodoro\ArduinoCore\Debug\libArduinoCore.a(main.o)
 .text.atexit   0x00000000        0x6 C:\Users\Steve\Desktop\arduino_pomodoro\arduino_pomodoro\ArduinoCore\Debug\libArduinoCore.a(main.o)
 .text._Z8setupUSBv
                0x00000000        0x2 C:\Users\Steve\Desktop\arduino_pomodoro\arduino_pomodoro\ArduinoCore\Debug\libArduinoCore.a(main.o)
 .text          0x00000000        0x0 C:\Users\Steve\Desktop\arduino_pomodoro\arduino_pomodoro\ArduinoCore\Debug\libArduinoCore.a(new.o)
 .data          0x00000000        0x0 C:\Users\Steve\Desktop\arduino_pomodoro\arduino_pomodoro\ArduinoCore\Debug\libArduinoCore.a(new.o)
 .bss           0x00000000        0x0 C:\Users\Steve\Desktop\arduino_pomodoro\arduino_pomodoro\ArduinoCore\Debug\libArduinoCore.a(new.o)
 .text._Znaj    0x00000000        0x4 C:\Users\Steve\Desktop\arduino_pomodoro\arduino_pomodoro\ArduinoCore\Debug\libArduinoCore.a(new.o)
 .text._ZdlPv   0x00000000        0x4 C:\Users\Steve\Desktop\arduino_pomodoro\arduino_pomodoro\ArduinoCore\Debug\libArduinoCore.a(new.o)
 .text._ZdaPv   0x00000000        0x4 C:\Users\Steve\Desktop\arduino_pomodoro\arduino_pomodoro\ArduinoCore\Debug\libArduinoCore.a(new.o)
 .group         0x00000000        0x8 C:\Users\Steve\Desktop\arduino_pomodoro\arduino_pomodoro\ArduinoCore\Debug\libArduinoCore.a(Print.o)
 .group         0x00000000        0x8 C:\Users\Steve\Desktop\arduino_pomodoro\arduino_pomodoro\ArduinoCore\Debug\libArduinoCore.a(Print.o)
 .group         0x00000000        0x8 C:\Users\Steve\Desktop\arduino_pomodoro\arduino_pomodoro\ArduinoCore\Debug\libArduinoCore.a(Print.o)
 .group         0x00000000        0x8 C:\Users\Steve\Desktop\arduino_pomodoro\arduino_pomodoro\ArduinoCore\Debug\libArduinoCore.a(Print.o)
 .text          0x00000000        0x0 C:\Users\Steve\Desktop\arduino_pomodoro\arduino_pomodoro\ArduinoCore\Debug\libArduinoCore.a(Print.o)
 .data          0x00000000        0x0 C:\Users\Steve\Desktop\arduino_pomodoro\arduino_pomodoro\ArduinoCore\Debug\libArduinoCore.a(Print.o)
 .bss           0x00000000        0x0 C:\Users\Steve\Desktop\arduino_pomodoro\arduino_pomodoro\ArduinoCore\Debug\libArduinoCore.a(Print.o)
 .text._ZN5Print17availableForWriteEv
                0x00000000        0x6 C:\Users\Steve\Desktop\arduino_pomodoro\arduino_pomodoro\ArduinoCore\Debug\libArduinoCore.a(Print.o)
 .text._ZN5Print5flushEv
                0x00000000        0x2 C:\Users\Steve\Desktop\arduino_pomodoro\arduino_pomodoro\ArduinoCore\Debug\libArduinoCore.a(Print.o)
 .text._ZN5Print5printEPK19__FlashStringHelper
                0x00000000       0x48 C:\Users\Steve\Desktop\arduino_pomodoro\arduino_pomodoro\ArduinoCore\Debug\libArduinoCore.a(Print.o)
 .text._ZN5Print5printERK6String
                0x00000000       0x1c C:\Users\Steve\Desktop\arduino_pomodoro\arduino_pomodoro\ArduinoCore\Debug\libArduinoCore.a(Print.o)
 .text._ZN5Print5printEc
                0x00000000        0xe C:\Users\Steve\Desktop\arduino_pomodoro\arduino_pomodoro\ArduinoCore\Debug\libArduinoCore.a(Print.o)
 .text._ZN5Print5printERK9Printable
                0x00000000       0x14 C:\Users\Steve\Desktop\arduino_pomodoro\arduino_pomodoro\ArduinoCore\Debug\libArduinoCore.a(Print.o)
 .text._ZN5Print7printlnEPK19__FlashStringHelper
                0x00000000       0x24 C:\Users\Steve\Desktop\arduino_pomodoro\arduino_pomodoro\ArduinoCore\Debug\libArduinoCore.a(Print.o)
 .text._ZN5Print7printlnERK6String
                0x00000000       0x24 C:\Users\Steve\Desktop\arduino_pomodoro\arduino_pomodoro\ArduinoCore\Debug\libArduinoCore.a(Print.o)
 .text._ZN5Print7printlnEc
                0x00000000       0x24 C:\Users\Steve\Desktop\arduino_pomodoro\arduino_pomodoro\ArduinoCore\Debug\libArduinoCore.a(Print.o)
 .text._ZN5Print7printlnERK9Printable
                0x00000000       0x24 C:\Users\Steve\Desktop\arduino_pomodoro\arduino_pomodoro\ArduinoCore\Debug\libArduinoCore.a(Print.o)
 .text._ZN5Print5printEhi
                0x00000000        0xe C:\Users\Steve\Desktop\arduino_pomodoro\arduino_pomodoro\ArduinoCore\Debug\libArduinoCore.a(Print.o)
 .text._ZN5Print7printlnEhi
                0x00000000       0x24 C:\Users\Steve\Desktop\arduino_pomodoro\arduino_pomodoro\ArduinoCore\Debug\libArduinoCore.a(Print.o)
 .text._ZN5Print7printlnEmi
                0x00000000       0x24 C:\Users\Steve\Desktop\arduino_pomodoro\arduino_pomodoro\ArduinoCore\Debug\libArduinoCore.a(Print.o)
 .text._ZN5Print5printEli
                0x00000000       0x90 C:\Users\Steve\Desktop\arduino_pomodoro\arduino_pomodoro\ArduinoCore\Debug\libArduinoCore.a(Print.o)
 .text._ZN5Print5printEii
                0x00000000        0xe C:\Users\Steve\Desktop\arduino_pomodoro\arduino_pomodoro\ArduinoCore\Debug\libArduinoCore.a(Print.o)
 .text._ZN5Print7printlnEii
                0x00000000       0x24 C:\Users\Steve\Desktop\arduino_pomodoro\arduino_pomodoro\ArduinoCore\Debug\libArduinoCore.a(Print.o)
 .text._ZN5Print7printlnEli
                0x00000000       0x24 C:\Users\Steve\Desktop\arduino_pomodoro\arduino_pomodoro\ArduinoCore\Debug\libArduinoCore.a(Print.o)
 .text._ZN5Print10printFloatEdh
                0x00000000      0x1b6 C:\Users\Steve\Desktop\arduino_pomodoro\arduino_pomodoro\ArduinoCore\Debug\libArduinoCore.a(Print.o)
 .text._ZN5Print5printEdi
                0x00000000        0x4 C:\Users\Steve\Desktop\arduino_pomodoro\arduino_pomodoro\ArduinoCore\Debug\libArduinoCore.a(Print.o)
 .text._ZN5Print7printlnEdi
                0x00000000       0x24 C:\Users\Steve\Desktop\arduino_pomodoro\arduino_pomodoro\ArduinoCore\Debug\libArduinoCore.a(Print.o)
 .rodata._ZTV5Print
                0x00000000        0xc C:\Users\Steve\Desktop\arduino_pomodoro\arduino_pomodoro\ArduinoCore\Debug\libArduinoCore.a(Print.o)
 .text          0x00000000        0x0 C:\Users\Steve\Desktop\arduino_pomodoro\arduino_pomodoro\ArduinoCore\Debug\libArduinoCore.a(wiring.o)
 .data          0x00000000        0x0 C:\Users\Steve\Desktop\arduino_pomodoro\arduino_pomodoro\ArduinoCore\Debug\libArduinoCore.a(wiring.o)
 .bss           0x00000000        0x0 C:\Users\Steve\Desktop\arduino_pomodoro\arduino_pomodoro\ArduinoCore\Debug\libArduinoCore.a(wiring.o)
 .text.micros   0x00000000       0x4a C:\Users\Steve\Desktop\arduino_pomodoro\arduino_pomodoro\ArduinoCore\Debug\libArduinoCore.a(wiring.o)
 .text.delay    0x00000000       0x78 C:\Users\Steve\Desktop\arduino_pomodoro\arduino_pomodoro\ArduinoCore\Debug\libArduinoCore.a(wiring.o)
 .text.delayMicroseconds
                0x00000000       0x16 C:\Users\Steve\Desktop\arduino_pomodoro\arduino_pomodoro\ArduinoCore\Debug\libArduinoCore.a(wiring.o)
 .text          0x00000000        0x0 C:\Users\Steve\Desktop\arduino_pomodoro\arduino_pomodoro\ArduinoCore\Debug\libArduinoCore.a(wiring_digital.o)
 .data          0x00000000        0x0 C:\Users\Steve\Desktop\arduino_pomodoro\arduino_pomodoro\ArduinoCore\Debug\libArduinoCore.a(wiring_digital.o)
 .bss           0x00000000        0x0 C:\Users\Steve\Desktop\arduino_pomodoro\arduino_pomodoro\ArduinoCore\Debug\libArduinoCore.a(wiring_digital.o)
 .text          0x00000000        0x0 C:\Users\Steve\Desktop\arduino_pomodoro\arduino_pomodoro\ArduinoCore\Debug\libArduinoCore.a(abi.o)
 .data          0x00000000        0x0 C:\Users\Steve\Desktop\arduino_pomodoro\arduino_pomodoro\ArduinoCore\Debug\libArduinoCore.a(abi.o)
 .bss           0x00000000        0x0 C:\Users\Steve\Desktop\arduino_pomodoro\arduino_pomodoro\ArduinoCore\Debug\libArduinoCore.a(abi.o)
 .text.__cxa_pure_virtual
                0x00000000        0x4 C:\Users\Steve\Desktop\arduino_pomodoro\arduino_pomodoro\ArduinoCore\Debug\libArduinoCore.a(abi.o)
 .text.__cxa_deleted_virtual
                0x00000000        0x4 C:\Users\Steve\Desktop\arduino_pomodoro\arduino_pomodoro\ArduinoCore\Debug\libArduinoCore.a(abi.o)
 .debug_info    0x00000000       0x76 C:\Users\Steve\Desktop\arduino_pomodoro\arduino_pomodoro\ArduinoCore\Debug\libArduinoCore.a(abi.o)
 .debug_abbrev  0x00000000       0x6d C:\Users\Steve\Desktop\arduino_pomodoro\arduino_pomodoro\ArduinoCore\Debug\libArduinoCore.a(abi.o)
 .debug_aranges
                0x00000000       0x20 C:\Users\Steve\Desktop\arduino_pomodoro\arduino_pomodoro\ArduinoCore\Debug\libArduinoCore.a(abi.o)
 .debug_ranges  0x00000000       0x10 C:\Users\Steve\Desktop\arduino_pomodoro\arduino_pomodoro\ArduinoCore\Debug\libArduinoCore.a(abi.o)
 .debug_line    0x00000000       0xa9 C:\Users\Steve\Desktop\arduino_pomodoro\arduino_pomodoro\ArduinoCore\Debug\libArduinoCore.a(abi.o)
 .debug_str     0x00000000      0x194 C:\Users\Steve\Desktop\arduino_pomodoro\arduino_pomodoro\ArduinoCore\Debug\libArduinoCore.a(abi.o)
 .comment       0x00000000       0x31 C:\Users\Steve\Desktop\arduino_pomodoro\arduino_pomodoro\ArduinoCore\Debug\libArduinoCore.a(abi.o)
 .debug_frame   0x00000000       0x34 C:\Users\Steve\Desktop\arduino_pomodoro\arduino_pomodoro\ArduinoCore\Debug\libArduinoCore.a(abi.o)
 .text          0x00000000        0x0 C:\Users\Steve\Desktop\arduino_pomodoro\arduino_pomodoro\ArduinoCore\Debug\libArduinoCore.a(hooks.o)
 .data          0x00000000        0x0 C:\Users\Steve\Desktop\arduino_pomodoro\arduino_pomodoro\ArduinoCore\Debug\libArduinoCore.a(hooks.o)
 .bss           0x00000000        0x0 C:\Users\Steve\Desktop\arduino_pomodoro\arduino_pomodoro\ArduinoCore\Debug\libArduinoCore.a(hooks.o)
 .text.__empty  0x00000000        0x2 C:\Users\Steve\Desktop\arduino_pomodoro\arduino_pomodoro\ArduinoCore\Debug\libArduinoCore.a(hooks.o)
 .debug_info    0x00000000       0x3e C:\Users\Steve\Desktop\arduino_pomodoro\arduino_pomodoro\ArduinoCore\Debug\libArduinoCore.a(hooks.o)
 .debug_abbrev  0x00000000       0x2a C:\Users\Steve\Desktop\arduino_pomodoro\arduino_pomodoro\ArduinoCore\Debug\libArduinoCore.a(hooks.o)
 .debug_aranges
                0x00000000       0x20 C:\Users\Steve\Desktop\arduino_pomodoro\arduino_pomodoro\ArduinoCore\Debug\libArduinoCore.a(hooks.o)
 .debug_ranges  0x00000000       0x10 C:\Users\Steve\Desktop\arduino_pomodoro\arduino_pomodoro\ArduinoCore\Debug\libArduinoCore.a(hooks.o)
 .debug_line    0x00000000       0x41 C:\Users\Steve\Desktop\arduino_pomodoro\arduino_pomodoro\ArduinoCore\Debug\libArduinoCore.a(hooks.o)
 .debug_str     0x00000000      0x135 C:\Users\Steve\Desktop\arduino_pomodoro\arduino_pomodoro\ArduinoCore\Debug\libArduinoCore.a(hooks.o)
 .comment       0x00000000       0x31 C:\Users\Steve\Desktop\arduino_pomodoro\arduino_pomodoro\ArduinoCore\Debug\libArduinoCore.a(hooks.o)
 .debug_frame   0x00000000       0x24 C:\Users\Steve\Desktop\arduino_pomodoro\arduino_pomodoro\ArduinoCore\Debug\libArduinoCore.a(hooks.o)
 .text          0x00000000        0x0 d:/program files (x86)/atmel/studio/7.0/toolchain/avr8/avr8-gnu-toolchain/bin/../lib/gcc/avr/5.4.0/../../../../avr/lib/avr5\libm.a(addsf3.o)
 .data          0x00000000        0x0 d:/program files (x86)/atmel/studio/7.0/toolchain/avr8/avr8-gnu-toolchain/bin/../lib/gcc/avr/5.4.0/../../../../avr/lib/avr5\libm.a(addsf3.o)
 .bss           0x00000000        0x0 d:/program files (x86)/atmel/studio/7.0/toolchain/avr8/avr8-gnu-toolchain/bin/../lib/gcc/avr/5.4.0/../../../../avr/lib/avr5\libm.a(addsf3.o)
 .text.avr-libc.fplib
                0x00000000        0xe d:/program files (x86)/atmel/studio/7.0/toolchain/avr8/avr8-gnu-toolchain/bin/../lib/gcc/avr/5.4.0/../../../../avr/lib/avr5\libm.a(addsf3.o)
 .text          0x00000000        0x0 d:/program files (x86)/atmel/studio/7.0/toolchain/avr8/avr8-gnu-toolchain/bin/../lib/gcc/avr/5.4.0/../../../../avr/lib/avr5\libm.a(addsf3x.o)
 .data          0x00000000        0x0 d:/program files (x86)/atmel/studio/7.0/toolchain/avr8/avr8-gnu-toolchain/bin/../lib/gcc/avr/5.4.0/../../../../avr/lib/avr5\libm.a(addsf3x.o)
 .bss           0x00000000        0x0 d:/program files (x86)/atmel/studio/7.0/toolchain/avr8/avr8-gnu-toolchain/bin/../lib/gcc/avr/5.4.0/../../../../avr/lib/avr5\libm.a(addsf3x.o)
 .text.avr-libc.fplib
                0x00000000       0xcc d:/program files (x86)/atmel/studio/7.0/toolchain/avr8/avr8-gnu-toolchain/bin/../lib/gcc/avr/5.4.0/../../../../avr/lib/avr5\libm.a(addsf3x.o)
 .text          0x00000000        0x0 d:/program files (x86)/atmel/studio/7.0/toolchain/avr8/avr8-gnu-toolchain/bin/../lib/gcc/avr/5.4.0/../../../../avr/lib/avr5\libm.a(cmpsf2.o)
 .data          0x00000000        0x0 d:/program files (x86)/atmel/studio/7.0/toolchain/avr8/avr8-gnu-toolchain/bin/../lib/gcc/avr/5.4.0/../../../../avr/lib/avr5\libm.a(cmpsf2.o)
 .bss           0x00000000        0x0 d:/program files (x86)/atmel/studio/7.0/toolchain/avr8/avr8-gnu-toolchain/bin/../lib/gcc/avr/5.4.0/../../../../avr/lib/avr5\libm.a(cmpsf2.o)
 .text.avr-libc.fplib
                0x00000000        0xa d:/program files (x86)/atmel/studio/7.0/toolchain/avr8/avr8-gnu-toolchain/bin/../lib/gcc/avr/5.4.0/../../../../avr/lib/avr5\libm.a(cmpsf2.o)
 .text          0x00000000        0x0 d:/program files (x86)/atmel/studio/7.0/toolchain/avr8/avr8-gnu-toolchain/bin/../lib/gcc/avr/5.4.0/../../../../avr/lib/avr5\libm.a(divsf3.o)
 .data          0x00000000        0x0 d:/program files (x86)/atmel/studio/7.0/toolchain/avr8/avr8-gnu-toolchain/bin/../lib/gcc/avr/5.4.0/../../../../avr/lib/avr5\libm.a(divsf3.o)
 .bss           0x00000000        0x0 d:/program files (x86)/atmel/studio/7.0/toolchain/avr8/avr8-gnu-toolchain/bin/../lib/gcc/avr/5.4.0/../../../../avr/lib/avr5\libm.a(divsf3.o)
 .text.avr-libc.fplib
                0x00000000        0x8 d:/program files (x86)/atmel/studio/7.0/toolchain/avr8/avr8-gnu-toolchain/bin/../lib/gcc/avr/5.4.0/../../../../avr/lib/avr5\libm.a(divsf3.o)
 .text          0x00000000        0x0 d:/program files (x86)/atmel/studio/7.0/toolchain/avr8/avr8-gnu-toolchain/bin/../lib/gcc/avr/5.4.0/../../../../avr/lib/avr5\libm.a(divsf3x.o)
 .data          0x00000000        0x0 d:/program files (x86)/atmel/studio/7.0/toolchain/avr8/avr8-gnu-toolchain/bin/../lib/gcc/avr/5.4.0/../../../../avr/lib/avr5\libm.a(divsf3x.o)
 .bss           0x00000000        0x0 d:/program files (x86)/atmel/studio/7.0/toolchain/avr8/avr8-gnu-toolchain/bin/../lib/gcc/avr/5.4.0/../../../../avr/lib/avr5\libm.a(divsf3x.o)
 .text.avr-libc.fplib
                0x00000000       0xdc d:/program files (x86)/atmel/studio/7.0/toolchain/avr8/avr8-gnu-toolchain/bin/../lib/gcc/avr/5.4.0/../../../../avr/lib/avr5\libm.a(divsf3x.o)
 .text          0x00000000        0x0 d:/program files (x86)/atmel/studio/7.0/toolchain/avr8/avr8-gnu-toolchain/bin/../lib/gcc/avr/5.4.0/../../../../avr/lib/avr5\libm.a(fixunssfsi.o)
 .data          0x00000000        0x0 d:/program files (x86)/atmel/studio/7.0/toolchain/avr8/avr8-gnu-toolchain/bin/../lib/gcc/avr/5.4.0/../../../../avr/lib/avr5\libm.a(fixunssfsi.o)
 .bss           0x00000000        0x0 d:/program files (x86)/atmel/studio/7.0/toolchain/avr8/avr8-gnu-toolchain/bin/../lib/gcc/avr/5.4.0/../../../../avr/lib/avr5\libm.a(fixunssfsi.o)
 .text.avr-libc.fplib
                0x00000000       0x5e d:/program files (x86)/atmel/studio/7.0/toolchain/avr8/avr8-gnu-toolchain/bin/../lib/gcc/avr/5.4.0/../../../../avr/lib/avr5\libm.a(fixunssfsi.o)
 .text          0x00000000        0x0 d:/program files (x86)/atmel/studio/7.0/toolchain/avr8/avr8-gnu-toolchain/bin/../lib/gcc/avr/5.4.0/../../../../avr/lib/avr5\libm.a(floatsisf.o)
 .data          0x00000000        0x0 d:/program files (x86)/atmel/studio/7.0/toolchain/avr8/avr8-gnu-toolchain/bin/../lib/gcc/avr/5.4.0/../../../../avr/lib/avr5\libm.a(floatsisf.o)
 .bss           0x00000000        0x0 d:/program files (x86)/atmel/studio/7.0/toolchain/avr8/avr8-gnu-toolchain/bin/../lib/gcc/avr/5.4.0/../../../../avr/lib/avr5\libm.a(floatsisf.o)
 .text.avr-libc.fplib
                0x00000000       0x7a d:/program files (x86)/atmel/studio/7.0/toolchain/avr8/avr8-gnu-toolchain/bin/../lib/gcc/avr/5.4.0/../../../../avr/lib/avr5\libm.a(floatsisf.o)
 .text          0x00000000        0x0 d:/program files (x86)/atmel/studio/7.0/toolchain/avr8/avr8-gnu-toolchain/bin/../lib/gcc/avr/5.4.0/../../../../avr/lib/avr5\libm.a(fp_cmp.o)
 .data          0x00000000        0x0 d:/program files (x86)/atmel/studio/7.0/toolchain/avr8/avr8-gnu-toolchain/bin/../lib/gcc/avr/5.4.0/../../../../avr/lib/avr5\libm.a(fp_cmp.o)
 .bss           0x00000000        0x0 d:/program files (x86)/atmel/studio/7.0/toolchain/avr8/avr8-gnu-toolchain/bin/../lib/gcc/avr/5.4.0/../../../../avr/lib/avr5\libm.a(fp_cmp.o)
 .text.avr-libc.fplib
                0x00000000       0x48 d:/program files (x86)/atmel/studio/7.0/toolchain/avr8/avr8-gnu-toolchain/bin/../lib/gcc/avr/5.4.0/../../../../avr/lib/avr5\libm.a(fp_cmp.o)
 .text          0x00000000        0x0 d:/program files (x86)/atmel/studio/7.0/toolchain/avr8/avr8-gnu-toolchain/bin/../lib/gcc/avr/5.4.0/../../../../avr/lib/avr5\libm.a(fp_inf.o)
 .data          0x00000000        0x0 d:/program files (x86)/atmel/studio/7.0/toolchain/avr8/avr8-gnu-toolchain/bin/../lib/gcc/avr/5.4.0/../../../../avr/lib/avr5\libm.a(fp_inf.o)
 .bss           0x00000000        0x0 d:/program files (x86)/atmel/studio/7.0/toolchain/avr8/avr8-gnu-toolchain/bin/../lib/gcc/avr/5.4.0/../../../../avr/lib/avr5\libm.a(fp_inf.o)
 .text.avr-libc.fplib
                0x00000000        0xc d:/program files (x86)/atmel/studio/7.0/toolchain/avr8/avr8-gnu-toolchain/bin/../lib/gcc/avr/5.4.0/../../../../avr/lib/avr5\libm.a(fp_inf.o)
 .text          0x00000000        0x0 d:/program files (x86)/atmel/studio/7.0/toolchain/avr8/avr8-gnu-toolchain/bin/../lib/gcc/avr/5.4.0/../../../../avr/lib/avr5\libm.a(fp_nan.o)
 .data          0x00000000        0x0 d:/program files (x86)/atmel/studio/7.0/toolchain/avr8/avr8-gnu-toolchain/bin/../lib/gcc/avr/5.4.0/../../../../avr/lib/avr5\libm.a(fp_nan.o)
 .bss           0x00000000        0x0 d:/program files (x86)/atmel/studio/7.0/toolchain/avr8/avr8-gnu-toolchain/bin/../lib/gcc/avr/5.4.0/../../../../avr/lib/avr5\libm.a(fp_nan.o)
 .text.avr-libc.fplib
                0x00000000        0x6 d:/program files (x86)/atmel/studio/7.0/toolchain/avr8/avr8-gnu-toolchain/bin/../lib/gcc/avr/5.4.0/../../../../avr/lib/avr5\libm.a(fp_nan.o)
 .text          0x00000000        0x0 d:/program files (x86)/atmel/studio/7.0/toolchain/avr8/avr8-gnu-toolchain/bin/../lib/gcc/avr/5.4.0/../../../../avr/lib/avr5\libm.a(fp_pscA.o)
 .data          0x00000000        0x0 d:/program files (x86)/atmel/studio/7.0/toolchain/avr8/avr8-gnu-toolchain/bin/../lib/gcc/avr/5.4.0/../../../../avr/lib/avr5\libm.a(fp_pscA.o)
 .bss           0x00000000        0x0 d:/program files (x86)/atmel/studio/7.0/toolchain/avr8/avr8-gnu-toolchain/bin/../lib/gcc/avr/5.4.0/../../../../avr/lib/avr5\libm.a(fp_pscA.o)
 .text.avr-libc.fplib
                0x00000000        0xe d:/program files (x86)/atmel/studio/7.0/toolchain/avr8/avr8-gnu-toolchain/bin/../lib/gcc/avr/5.4.0/../../../../avr/lib/avr5\libm.a(fp_pscA.o)
 .text          0x00000000        0x0 d:/program files (x86)/atmel/studio/7.0/toolchain/avr8/avr8-gnu-toolchain/bin/../lib/gcc/avr/5.4.0/../../../../avr/lib/avr5\libm.a(fp_pscB.o)
 .data          0x00000000        0x0 d:/program files (x86)/atmel/studio/7.0/toolchain/avr8/avr8-gnu-toolchain/bin/../lib/gcc/avr/5.4.0/../../../../avr/lib/avr5\libm.a(fp_pscB.o)
 .bss           0x00000000        0x0 d:/program files (x86)/atmel/studio/7.0/toolchain/avr8/avr8-gnu-toolchain/bin/../lib/gcc/avr/5.4.0/../../../../avr/lib/avr5\libm.a(fp_pscB.o)
 .text.avr-libc.fplib
                0x00000000        0xe d:/program files (x86)/atmel/studio/7.0/toolchain/avr8/avr8-gnu-toolchain/bin/../lib/gcc/avr/5.4.0/../../../../avr/lib/avr5\libm.a(fp_pscB.o)
 .text          0x00000000        0x0 d:/program files (x86)/atmel/studio/7.0/toolchain/avr8/avr8-gnu-toolchain/bin/../lib/gcc/avr/5.4.0/../../../../avr/lib/avr5\libm.a(fp_round.o)
 .data          0x00000000        0x0 d:/program files (x86)/atmel/studio/7.0/toolchain/avr8/avr8-gnu-toolchain/bin/../lib/gcc/avr/5.4.0/../../../../avr/lib/avr5\libm.a(fp_round.o)
 .bss           0x00000000        0x0 d:/program files (x86)/atmel/studio/7.0/toolchain/avr8/avr8-gnu-toolchain/bin/../lib/gcc/avr/5.4.0/../../../../avr/lib/avr5\libm.a(fp_round.o)
 .text.avr-libc.fplib
                0x00000000       0x22 d:/program files (x86)/atmel/studio/7.0/toolchain/avr8/avr8-gnu-toolchain/bin/../lib/gcc/avr/5.4.0/../../../../avr/lib/avr5\libm.a(fp_round.o)
 .text          0x00000000        0x0 d:/program files (x86)/atmel/studio/7.0/toolchain/avr8/avr8-gnu-toolchain/bin/../lib/gcc/avr/5.4.0/../../../../avr/lib/avr5\libm.a(fp_split3.o)
 .data          0x00000000        0x0 d:/program files (x86)/atmel/studio/7.0/toolchain/avr8/avr8-gnu-toolchain/bin/../lib/gcc/avr/5.4.0/../../../../avr/lib/avr5\libm.a(fp_split3.o)
 .bss           0x00000000        0x0 d:/program files (x86)/atmel/studio/7.0/toolchain/avr8/avr8-gnu-toolchain/bin/../lib/gcc/avr/5.4.0/../../../../avr/lib/avr5\libm.a(fp_split3.o)
 .text.avr-libc.fplib
                0x00000000       0x44 d:/program files (x86)/atmel/studio/7.0/toolchain/avr8/avr8-gnu-toolchain/bin/../lib/gcc/avr/5.4.0/../../../../avr/lib/avr5\libm.a(fp_split3.o)
 .text          0x00000000        0x0 d:/program files (x86)/atmel/studio/7.0/toolchain/avr8/avr8-gnu-toolchain/bin/../lib/gcc/avr/5.4.0/../../../../avr/lib/avr5\libm.a(fp_zero.o)
 .data          0x00000000        0x0 d:/program files (x86)/atmel/studio/7.0/toolchain/avr8/avr8-gnu-toolchain/bin/../lib/gcc/avr/5.4.0/../../../../avr/lib/avr5\libm.a(fp_zero.o)
 .bss           0x00000000        0x0 d:/program files (x86)/atmel/studio/7.0/toolchain/avr8/avr8-gnu-toolchain/bin/../lib/gcc/avr/5.4.0/../../../../avr/lib/avr5\libm.a(fp_zero.o)
 .text.avr-libc.fplib
                0x00000000        0xe d:/program files (x86)/atmel/studio/7.0/toolchain/avr8/avr8-gnu-toolchain/bin/../lib/gcc/avr/5.4.0/../../../../avr/lib/avr5\libm.a(fp_zero.o)
 .text          0x00000000        0x0 d:/program files (x86)/atmel/studio/7.0/toolchain/avr8/avr8-gnu-toolchain/bin/../lib/gcc/avr/5.4.0/../../../../avr/lib/avr5\libm.a(gesf2.o)
 .data          0x00000000        0x0 d:/program files (x86)/atmel/studio/7.0/toolchain/avr8/avr8-gnu-toolchain/bin/../lib/gcc/avr/5.4.0/../../../../avr/lib/avr5\libm.a(gesf2.o)
 .bss           0x00000000        0x0 d:/program files (x86)/atmel/studio/7.0/toolchain/avr8/avr8-gnu-toolchain/bin/../lib/gcc/avr/5.4.0/../../../../avr/lib/avr5\libm.a(gesf2.o)
 .text.avr-libc.fplib
                0x00000000        0xa d:/program files (x86)/atmel/studio/7.0/toolchain/avr8/avr8-gnu-toolchain/bin/../lib/gcc/avr/5.4.0/../../../../avr/lib/avr5\libm.a(gesf2.o)
 .text          0x00000000        0x0 d:/program files (x86)/atmel/studio/7.0/toolchain/avr8/avr8-gnu-toolchain/bin/../lib/gcc/avr/5.4.0/../../../../avr/lib/avr5\libm.a(mulsf3.o)
 .data          0x00000000        0x0 d:/program files (x86)/atmel/studio/7.0/toolchain/avr8/avr8-gnu-toolchain/bin/../lib/gcc/avr/5.4.0/../../../../avr/lib/avr5\libm.a(mulsf3.o)
 .bss           0x00000000        0x0 d:/program files (x86)/atmel/studio/7.0/toolchain/avr8/avr8-gnu-toolchain/bin/../lib/gcc/avr/5.4.0/../../../../avr/lib/avr5\libm.a(mulsf3.o)
 .text.avr-libc.fplib
                0x00000000        0x8 d:/program files (x86)/atmel/studio/7.0/toolchain/avr8/avr8-gnu-toolchain/bin/../lib/gcc/avr/5.4.0/../../../../avr/lib/avr5\libm.a(mulsf3.o)
 .text          0x00000000        0x0 d:/program files (x86)/atmel/studio/7.0/toolchain/avr8/avr8-gnu-toolchain/bin/../lib/gcc/avr/5.4.0/../../../../avr/lib/avr5\libm.a(mulsf3x.o)
 .data          0x00000000        0x0 d:/program files (x86)/atmel/studio/7.0/toolchain/avr8/avr8-gnu-toolchain/bin/../lib/gcc/avr/5.4.0/../../../../avr/lib/avr5\libm.a(mulsf3x.o)
 .bss           0x00000000        0x0 d:/program files (x86)/atmel/studio/7.0/toolchain/avr8/avr8-gnu-toolchain/bin/../lib/gcc/avr/5.4.0/../../../../avr/lib/avr5\libm.a(mulsf3x.o)
 .text.avr-libc.fplib
                0x00000000       0xd2 d:/program files (x86)/atmel/studio/7.0/toolchain/avr8/avr8-gnu-toolchain/bin/../lib/gcc/avr/5.4.0/../../../../avr/lib/avr5\libm.a(mulsf3x.o)
 .text          0x00000000        0x0 d:/program files (x86)/atmel/studio/7.0/toolchain/avr8/avr8-gnu-toolchain/bin/../lib/gcc/avr/5.4.0/../../../../avr/lib/avr5\libm.a(unordsf2.o)
 .data          0x00000000        0x0 d:/program files (x86)/atmel/studio/7.0/toolchain/avr8/avr8-gnu-toolchain/bin/../lib/gcc/avr/5.4.0/../../../../avr/lib/avr5\libm.a(unordsf2.o)
 .bss           0x00000000        0x0 d:/program files (x86)/atmel/studio/7.0/toolchain/avr8/avr8-gnu-toolchain/bin/../lib/gcc/avr/5.4.0/../../../../avr/lib/avr5\libm.a(unordsf2.o)
 .text.avr-libc.fplib
                0x00000000        0xa d:/program files (x86)/atmel/studio/7.0/toolchain/avr8/avr8-gnu-toolchain/bin/../lib/gcc/avr/5.4.0/../../../../avr/lib/avr5\libm.a(unordsf2.o)
 .text          0x00000000        0x0 d:/program files (x86)/atmel/studio/7.0/toolchain/avr8/avr8-gnu-toolchain/bin/../lib/gcc/avr/5.4.0/avr5\libgcc.a(_udivmodsi4.o)
 .data          0x00000000        0x0 d:/program files (x86)/atmel/studio/7.0/toolchain/avr8/avr8-gnu-toolchain/bin/../lib/gcc/avr/5.4.0/avr5\libgcc.a(_udivmodsi4.o)
 .bss           0x00000000        0x0 d:/program files (x86)/atmel/studio/7.0/toolchain/avr8/avr8-gnu-toolchain/bin/../lib/gcc/avr/5.4.0/avr5\libgcc.a(_udivmodsi4.o)
 .text.libgcc.mul
                0x00000000        0x0 d:/program files (x86)/atmel/studio/7.0/toolchain/avr8/avr8-gnu-toolchain/bin/../lib/gcc/avr/5.4.0/avr5\libgcc.a(_udivmodsi4.o)
 .text.libgcc   0x00000000        0x0 d:/program files (x86)/atmel/studio/7.0/toolchain/avr8/avr8-gnu-toolchain/bin/../lib/gcc/avr/5.4.0/avr5\libgcc.a(_udivmodsi4.o)
 .text.libgcc.prologue
                0x00000000        0x0 d:/program files (x86)/atmel/studio/7.0/toolchain/avr8/avr8-gnu-toolchain/bin/../lib/gcc/avr/5.4.0/avr5\libgcc.a(_udivmodsi4.o)
 .text.libgcc.builtins
                0x00000000        0x0 d:/program files (x86)/atmel/studio/7.0/toolchain/avr8/avr8-gnu-toolchain/bin/../lib/gcc/avr/5.4.0/avr5\libgcc.a(_udivmodsi4.o)
 .text.libgcc.fmul
                0x00000000        0x0 d:/program files (x86)/atmel/studio/7.0/toolchain/avr8/avr8-gnu-toolchain/bin/../lib/gcc/avr/5.4.0/avr5\libgcc.a(_udivmodsi4.o)
 .text.libgcc.fixed
                0x00000000        0x0 d:/program files (x86)/atmel/studio/7.0/toolchain/avr8/avr8-gnu-toolchain/bin/../lib/gcc/avr/5.4.0/avr5\libgcc.a(_udivmodsi4.o)
 .text          0x00000000        0x0 d:/program files (x86)/atmel/studio/7.0/toolchain/avr8/avr8-gnu-toolchain/bin/../lib/gcc/avr/5.4.0/avr5\libgcc.a(_exit.o)
 .data          0x00000000        0x0 d:/program files (x86)/atmel/studio/7.0/toolchain/avr8/avr8-gnu-toolchain/bin/../lib/gcc/avr/5.4.0/avr5\libgcc.a(_exit.o)
 .bss           0x00000000        0x0 d:/program files (x86)/atmel/studio/7.0/toolchain/avr8/avr8-gnu-toolchain/bin/../lib/gcc/avr/5.4.0/avr5\libgcc.a(_exit.o)
 .text.libgcc.mul
                0x00000000        0x0 d:/program files (x86)/atmel/studio/7.0/toolchain/avr8/avr8-gnu-toolchain/bin/../lib/gcc/avr/5.4.0/avr5\libgcc.a(_exit.o)
 .text.libgcc.div
                0x00000000        0x0 d:/program files (x86)/atmel/studio/7.0/toolchain/avr8/avr8-gnu-toolchain/bin/../lib/gcc/avr/5.4.0/avr5\libgcc.a(_exit.o)
 .text.libgcc   0x00000000        0x0 d:/program files (x86)/atmel/studio/7.0/toolchain/avr8/avr8-gnu-toolchain/bin/../lib/gcc/avr/5.4.0/avr5\libgcc.a(_exit.o)
 .text.libgcc.prologue
                0x00000000        0x0 d:/program files (x86)/atmel/studio/7.0/toolchain/avr8/avr8-gnu-toolchain/bin/../lib/gcc/avr/5.4.0/avr5\libgcc.a(_exit.o)
 .text.libgcc.builtins
                0x00000000        0x0 d:/program files (x86)/atmel/studio/7.0/toolchain/avr8/avr8-gnu-toolchain/bin/../lib/gcc/avr/5.4.0/avr5\libgcc.a(_exit.o)
 .text.libgcc.fmul
                0x00000000        0x0 d:/program files (x86)/atmel/studio/7.0/toolchain/avr8/avr8-gnu-toolchain/bin/../lib/gcc/avr/5.4.0/avr5\libgcc.a(_exit.o)
 .text.libgcc.fixed
                0x00000000        0x0 d:/program files (x86)/atmel/studio/7.0/toolchain/avr8/avr8-gnu-toolchain/bin/../lib/gcc/avr/5.4.0/avr5\libgcc.a(_exit.o)
 .text          0x00000000        0x0 d:/program files (x86)/atmel/studio/7.0/toolchain/avr8/avr8-gnu-toolchain/bin/../lib/gcc/avr/5.4.0/avr5\libgcc.a(_copy_data.o)
 .data          0x00000000        0x0 d:/program files (x86)/atmel/studio/7.0/toolchain/avr8/avr8-gnu-toolchain/bin/../lib/gcc/avr/5.4.0/avr5\libgcc.a(_copy_data.o)
 .bss           0x00000000        0x0 d:/program files (x86)/atmel/studio/7.0/toolchain/avr8/avr8-gnu-toolchain/bin/../lib/gcc/avr/5.4.0/avr5\libgcc.a(_copy_data.o)
 .text.libgcc.mul
                0x00000000        0x0 d:/program files (x86)/atmel/studio/7.0/toolchain/avr8/avr8-gnu-toolchain/bin/../lib/gcc/avr/5.4.0/avr5\libgcc.a(_copy_data.o)
 .text.libgcc.div
                0x00000000        0x0 d:/program files (x86)/atmel/studio/7.0/toolchain/avr8/avr8-gnu-toolchain/bin/../lib/gcc/avr/5.4.0/avr5\libgcc.a(_copy_data.o)
 .text.libgcc   0x00000000        0x0 d:/program files (x86)/atmel/studio/7.0/toolchain/avr8/avr8-gnu-toolchain/bin/../lib/gcc/avr/5.4.0/avr5\libgcc.a(_copy_data.o)
 .text.libgcc.prologue
                0x00000000        0x0 d:/program files (x86)/atmel/studio/7.0/toolchain/avr8/avr8-gnu-toolchain/bin/../lib/gcc/avr/5.4.0/avr5\libgcc.a(_copy_data.o)
 .text.libgcc.builtins
                0x00000000        0x0 d:/program files (x86)/atmel/studio/7.0/toolchain/avr8/avr8-gnu-toolchain/bin/../lib/gcc/avr/5.4.0/avr5\libgcc.a(_copy_data.o)
 .text.libgcc.fmul
                0x00000000        0x0 d:/program files (x86)/atmel/studio/7.0/toolchain/avr8/avr8-gnu-toolchain/bin/../lib/gcc/avr/5.4.0/avr5\libgcc.a(_copy_data.o)
 .text.libgcc.fixed
                0x00000000        0x0 d:/program files (x86)/atmel/studio/7.0/toolchain/avr8/avr8-gnu-toolchain/bin/../lib/gcc/avr/5.4.0/avr5\libgcc.a(_copy_data.o)
 .text          0x00000000        0x0 d:/program files (x86)/atmel/studio/7.0/toolchain/avr8/avr8-gnu-toolchain/bin/../lib/gcc/avr/5.4.0/avr5\libgcc.a(_clear_bss.o)
 .data          0x00000000        0x0 d:/program files (x86)/atmel/studio/7.0/toolchain/avr8/avr8-gnu-toolchain/bin/../lib/gcc/avr/5.4.0/avr5\libgcc.a(_clear_bss.o)
 .bss           0x00000000        0x0 d:/program files (x86)/atmel/studio/7.0/toolchain/avr8/avr8-gnu-toolchain/bin/../lib/gcc/avr/5.4.0/avr5\libgcc.a(_clear_bss.o)
 .text.libgcc.mul
                0x00000000        0x0 d:/program files (x86)/atmel/studio/7.0/toolchain/avr8/avr8-gnu-toolchain/bin/../lib/gcc/avr/5.4.0/avr5\libgcc.a(_clear_bss.o)
 .text.libgcc.div
                0x00000000        0x0 d:/program files (x86)/atmel/studio/7.0/toolchain/avr8/avr8-gnu-toolchain/bin/../lib/gcc/avr/5.4.0/avr5\libgcc.a(_clear_bss.o)
 .text.libgcc   0x00000000        0x0 d:/program files (x86)/atmel/studio/7.0/toolchain/avr8/avr8-gnu-toolchain/bin/../lib/gcc/avr/5.4.0/avr5\libgcc.a(_clear_bss.o)
 .text.libgcc.prologue
                0x00000000        0x0 d:/program files (x86)/atmel/studio/7.0/toolchain/avr8/avr8-gnu-toolchain/bin/../lib/gcc/avr/5.4.0/avr5\libgcc.a(_clear_bss.o)
 .text.libgcc.builtins
                0x00000000        0x0 d:/program files (x86)/atmel/studio/7.0/toolchain/avr8/avr8-gnu-toolchain/bin/../lib/gcc/avr/5.4.0/avr5\libgcc.a(_clear_bss.o)
 .text.libgcc.fmul
                0x00000000        0x0 d:/program files (x86)/atmel/studio/7.0/toolchain/avr8/avr8-gnu-toolchain/bin/../lib/gcc/avr/5.4.0/avr5\libgcc.a(_clear_bss.o)
 .text.libgcc.fixed
                0x00000000        0x0 d:/program files (x86)/atmel/studio/7.0/toolchain/avr8/avr8-gnu-toolchain/bin/../lib/gcc/avr/5.4.0/avr5\libgcc.a(_clear_bss.o)
 .text          0x00000000        0x0 d:/program files (x86)/atmel/studio/7.0/toolchain/avr8/avr8-gnu-toolchain/bin/../lib/gcc/avr/5.4.0/avr5\libgcc.a(_ctors.o)
 .data          0x00000000        0x0 d:/program files (x86)/atmel/studio/7.0/toolchain/avr8/avr8-gnu-toolchain/bin/../lib/gcc/avr/5.4.0/avr5\libgcc.a(_ctors.o)
 .bss           0x00000000        0x0 d:/program files (x86)/atmel/studio/7.0/toolchain/avr8/avr8-gnu-toolchain/bin/../lib/gcc/avr/5.4.0/avr5\libgcc.a(_ctors.o)
 .text.libgcc.mul
                0x00000000        0x0 d:/program files (x86)/atmel/studio/7.0/toolchain/avr8/avr8-gnu-toolchain/bin/../lib/gcc/avr/5.4.0/avr5\libgcc.a(_ctors.o)
 .text.libgcc.div
                0x00000000        0x0 d:/program files (x86)/atmel/studio/7.0/toolchain/avr8/avr8-gnu-toolchain/bin/../lib/gcc/avr/5.4.0/avr5\libgcc.a(_ctors.o)
 .text.libgcc   0x00000000        0x0 d:/program files (x86)/atmel/studio/7.0/toolchain/avr8/avr8-gnu-toolchain/bin/../lib/gcc/avr/5.4.0/avr5\libgcc.a(_ctors.o)
 .text.libgcc.prologue
                0x00000000        0x0 d:/program files (x86)/atmel/studio/7.0/toolchain/avr8/avr8-gnu-toolchain/bin/../lib/gcc/avr/5.4.0/avr5\libgcc.a(_ctors.o)
 .text.libgcc.builtins
                0x00000000        0x0 d:/program files (x86)/atmel/studio/7.0/toolchain/avr8/avr8-gnu-toolchain/bin/../lib/gcc/avr/5.4.0/avr5\libgcc.a(_ctors.o)
 .text.libgcc.fmul
                0x00000000        0x0 d:/program files (x86)/atmel/studio/7.0/toolchain/avr8/avr8-gnu-toolchain/bin/../lib/gcc/avr/5.4.0/avr5\libgcc.a(_ctors.o)
 .text.libgcc.fixed
                0x00000000        0x0 d:/program files (x86)/atmel/studio/7.0/toolchain/avr8/avr8-gnu-toolchain/bin/../lib/gcc/avr/5.4.0/avr5\libgcc.a(_ctors.o)
 .text          0x00000000        0x0 d:/program files (x86)/atmel/studio/7.0/toolchain/avr8/avr8-gnu-toolchain/bin/../lib/gcc/avr/5.4.0/avr5\libgcc.a(_tablejump2.o)
 .data          0x00000000        0x0 d:/program files (x86)/atmel/studio/7.0/toolchain/avr8/avr8-gnu-toolchain/bin/../lib/gcc/avr/5.4.0/avr5\libgcc.a(_tablejump2.o)
 .bss           0x00000000        0x0 d:/program files (x86)/atmel/studio/7.0/toolchain/avr8/avr8-gnu-toolchain/bin/../lib/gcc/avr/5.4.0/avr5\libgcc.a(_tablejump2.o)
 .text.libgcc.mul
                0x00000000        0x0 d:/program files (x86)/atmel/studio/7.0/toolchain/avr8/avr8-gnu-toolchain/bin/../lib/gcc/avr/5.4.0/avr5\libgcc.a(_tablejump2.o)
 .text.libgcc.div
                0x00000000        0x0 d:/program files (x86)/atmel/studio/7.0/toolchain/avr8/avr8-gnu-toolchain/bin/../lib/gcc/avr/5.4.0/avr5\libgcc.a(_tablejump2.o)
 .text.libgcc.prologue
                0x00000000        0x0 d:/program files (x86)/atmel/studio/7.0/toolchain/avr8/avr8-gnu-toolchain/bin/../lib/gcc/avr/5.4.0/avr5\libgcc.a(_tablejump2.o)
 .text.libgcc.builtins
                0x00000000        0x0 d:/program files (x86)/atmel/studio/7.0/toolchain/avr8/avr8-gnu-toolchain/bin/../lib/gcc/avr/5.4.0/avr5\libgcc.a(_tablejump2.o)
 .text.libgcc.fmul
                0x00000000        0x0 d:/program files (x86)/atmel/studio/7.0/toolchain/avr8/avr8-gnu-toolchain/bin/../lib/gcc/avr/5.4.0/avr5\libgcc.a(_tablejump2.o)
 .text.libgcc.fixed
                0x00000000        0x0 d:/program files (x86)/atmel/studio/7.0/toolchain/avr8/avr8-gnu-toolchain/bin/../lib/gcc/avr/5.4.0/avr5\libgcc.a(_tablejump2.o)
 .text          0x00000000        0x0 d:/program files (x86)/atmel/studio/7.0/toolchain/avr8/avr8-gnu-toolchain/bin/../lib/gcc/avr/5.4.0/../../../../avr/lib/avr5\libc.a(malloc.o)
 .bss           0x00000000        0x0 d:/program files (x86)/atmel/studio/7.0/toolchain/avr8/avr8-gnu-toolchain/bin/../lib/gcc/avr/5.4.0/../../../../avr/lib/avr5\libc.a(malloc.o)
 .text          0x00000000        0x0 d:/program files (x86)/atmel/studio/7.0/toolchain/avr8/avr8-gnu-toolchain/bin/../lib/gcc/avr/5.4.0/../../../../avr/lib/avr5\libc.a(abort.o)
 .data          0x00000000        0x0 d:/program files (x86)/atmel/studio/7.0/toolchain/avr8/avr8-gnu-toolchain/bin/../lib/gcc/avr/5.4.0/../../../../avr/lib/avr5\libc.a(abort.o)
 .bss           0x00000000        0x0 d:/program files (x86)/atmel/studio/7.0/toolchain/avr8/avr8-gnu-toolchain/bin/../lib/gcc/avr/5.4.0/../../../../avr/lib/avr5\libc.a(abort.o)
 .text.avr-libc
                0x00000000        0xa d:/program files (x86)/atmel/studio/7.0/toolchain/avr8/avr8-gnu-toolchain/bin/../lib/gcc/avr/5.4.0/../../../../avr/lib/avr5\libc.a(abort.o)

Memory Configuration

Name             Origin             Length             Attributes
text             0x00000000         0x00020000         xr
data             0x00800060         0x0000ffa0         rw !x
eeprom           0x00810000         0x00010000         rw !x
fuse             0x00820000         0x00000003         rw !x
lock             0x00830000         0x00000400         rw !x
signature        0x00840000         0x00000400         rw !x
user_signatures  0x00850000         0x00000400         rw !x
*default*        0x00000000         0xffffffff

Linker script and memory map

Address of section .data set to 0x800100
LOAD D:/Program Files (x86)/Atmel/Studio/7.0/Packs/atmel/ATmega_DFP/1.2.209/gcc/dev/atmega328p/avr5/crtatmega328p.o
LOAD batteryMonitor.o
LOAD button.o
LOAD condition.o
LOAD led.o
LOAD motor.o
LOAD pin.o
LOAD main.o
LOAD timer.o
START GROUP
LOAD d:/program files (x86)/atmel/studio/7.0/toolchain/avr8/avr8-gnu-toolchain/bin/../lib/gcc/avr/5.4.0/../../../../avr/lib/avr5\libm.a
LOAD C:\Users\Steve\Desktop\arduino_pomodoro\arduino_pomodoro\ArduinoCore\Debug\libArduinoCore.a
END GROUP
LOAD d:/program files (x86)/atmel/studio/7.0/toolchain/avr8/avr8-gnu-toolchain/bin/../lib/gcc/avr/5.4.0/avr5\libgcc.a
LOAD d:/program files (x86)/atmel/studio/7.0/toolchain/avr8/avr8-gnu-toolchain/bin/../lib/gcc/avr/5.4.0/../../../../avr/lib/avr5\libm.a
START GROUP
LOAD d:/program files (x86)/atmel/studio/7.0/toolchain/avr8/avr8-gnu-toolchain/bin/../lib/gcc/avr/5.4.0/avr5\libgcc.a
LOAD d:/program files (x86)/atmel/studio/7.0/toolchain/avr8/avr8-gnu-toolchain/bin/../lib/gcc/avr/5.4.0/../../../../avr/lib/avr5\libm.a
LOAD d:/program files (x86)/atmel/studio/7.0/toolchain/avr8/avr8-gnu-toolchain/bin/../lib/gcc/avr/5.4.0/../../../../avr/lib/avr5\libc.a
LOAD D:/Program Files (x86)/Atmel/Studio/7.0/Packs/atmel/ATmega_DFP/1.2.209/gcc/dev/atmega328p/avr5\libatmega328p.a
END GROUP
                0x00020000                __TEXT_REGION_LENGTH__ = DEFINED (__TEXT_REGION_LENGTH__)?__TEXT_REGION_LENGTH__:0x20000
                0x0000ffa0                __DATA_REGION_LENGTH__ = DEFINED (__DATA_REGION_LENGTH__)?__DATA_REGION_LENGTH__:0xffa0
                0x00010000                __EEPROM_REGION_LENGTH__ = DEFINED (__EEPROM_REGION_LENGTH__)?__EEPROM_REGION_LENGTH__:0x10000
                [0x00000003]                __FUSE_REGION_LENGTH__ = DEFINED (__FUSE_REGION_LENGTH__)?__FUSE_REGION_LENGTH__:0x400
                0x00000400                __LOCK_REGION_LENGTH__ = DEFINED (__LOCK_REGION_LENGTH__)?__LOCK_REGION_LENGTH__:0x400
                0x00000400                __SIGNATURE_REGION_LENGTH__ = DEFINED (__SIGNATURE_REGION_LENGTH__)?__SIGNATURE_REGION_LENGTH__:0x400
                0x00000400                __USER_SIGNATURE_REGION_LENGTH__ = DEFINED (__USER_SIGNATURE_REGION_LENGTH__)?__USER_SIGNATURE_REGION_LENGTH__:0x400

.hash
 *(.hash)

.dynsym
 *(.dynsym)

.dynstr
 *(.dynstr)

.gnu.version
 *(.gnu.version)

.gnu.version_d
 *(.gnu.version_d)

.gnu.version_r
 *(.gnu.version_r)

.rel.init
 *(.rel.init)

.rela.init
 *(.rela.init)

.rel.text
 *(.rel.text)
 *(.rel.text.*)
 *(.rel.gnu.linkonce.t*)

.rela.text
 *(.rela.text)
 *(.rela.text.*)
 *(.rela.gnu.linkonce.t*)

.rel.fini
 *(.rel.fini)

.rela.fini
 *(.rela.fini)

.rel.rodata
 *(.rel.rodata)
 *(.rel.rodata.*)
 *(.rel.gnu.linkonce.r*)

.rela.rodata
 *(.rela.rodata)
 *(.rela.rodata.*)
 *(.rela.gnu.linkonce.r*)

.rel.data
 *(.rel.data)
 *(.rel.data.*)
 *(.rel.gnu.linkonce.d*)

.rela.data
 *(.rela.data)
 *(.rela.data.*)
 *(.rela.gnu.linkonce.d*)

.rel.ctors
 *(.rel.ctors)

.rela.ctors
 *(.rela.ctors)

.rel.dtors
 *(.rel.dtors)

.rela.dtors
 *(.rela.dtors)

.rel.got
 *(.rel.got)

.rela.got
 *(.rela.got)

.rel.bss
 *(.rel.bss)

.rela.bss
 *(.rela.bss)

.rel.plt
 *(.rel.plt)

.rela.plt
 *(.rela.plt)

.text           0x00000000     0x14f8
 *(.vectors)
 .vectors       0x00000000       0x68 D:/Program Files (x86)/Atmel/Studio/7.0/Packs/atmel/ATmega_DFP/1.2.209/gcc/dev/atmega328p/avr5/crtatmega328p.o
                0x00000000                __vector_default
                0x00000000                __vectors
 *(.vectors)
 *(.progmem.gcc*)
                0x00000068                . = ALIGN (0x2)
                0x00000068                __trampolines_start = .
 *(.trampolines)
 .trampolines   0x00000068        0x0 linker stubs
 *(.trampolines*)
                0x00000068                __trampolines_end = .
 *libprintf_flt.a:*(.progmem.data)
 *libc.a:*(.progmem.data)
 *(.progmem*)
 .progmem.data.digital_pin_to_timer_PGM
                0x00000068       0x14 C:\Users\Steve\Desktop\arduino_pomodoro\arduino_pomodoro\ArduinoCore\Debug\libArduinoCore.a(wiring_digital.o)
                0x00000068                digital_pin_to_timer_PGM
 .progmem.data.digital_pin_to_bit_mask_PGM
                0x0000007c       0x14 C:\Users\Steve\Desktop\arduino_pomodoro\arduino_pomodoro\ArduinoCore\Debug\libArduinoCore.a(wiring_digital.o)
                0x0000007c                digital_pin_to_bit_mask_PGM
 .progmem.data.digital_pin_to_port_PGM
                0x00000090       0x14 C:\Users\Steve\Desktop\arduino_pomodoro\arduino_pomodoro\ArduinoCore\Debug\libArduinoCore.a(wiring_digital.o)
                0x00000090                digital_pin_to_port_PGM
 .progmem.data.port_to_input_PGM
                0x000000a4        0xa C:\Users\Steve\Desktop\arduino_pomodoro\arduino_pomodoro\ArduinoCore\Debug\libArduinoCore.a(wiring_digital.o)
                0x000000a4                port_to_input_PGM
 .progmem.data.port_to_output_PGM
                0x000000ae        0xa C:\Users\Steve\Desktop\arduino_pomodoro\arduino_pomodoro\ArduinoCore\Debug\libArduinoCore.a(wiring_digital.o)
                0x000000ae                port_to_output_PGM
 .progmem.data.port_to_mode_PGM
                0x000000b8        0xa C:\Users\Steve\Desktop\arduino_pomodoro\arduino_pomodoro\ArduinoCore\Debug\libArduinoCore.a(wiring_digital.o)
                0x000000b8                port_to_mode_PGM
                0x000000c2                . = ALIGN (0x2)
 *(.jumptables)
 *(.jumptables*)
 *(.lowtext)
 *(.lowtext*)
                0x000000c2                __ctors_start = .
 *(.ctors)
 .ctors         0x000000c2        0x2 C:\Users\Steve\Desktop\arduino_pomodoro\arduino_pomodoro\ArduinoCore\Debug\libArduinoCore.a(HardwareSerial0.o)
                0x000000c4                __ctors_end = .
                0x000000c4                __dtors_start = .
 *(.dtors)
                0x000000c4                __dtors_end = .
 SORT(*)(.ctors)
 SORT(*)(.dtors)
 *(.init0)
 .init0         0x000000c4        0x0 D:/Program Files (x86)/Atmel/Studio/7.0/Packs/atmel/ATmega_DFP/1.2.209/gcc/dev/atmega328p/avr5/crtatmega328p.o
                0x000000c4                __init
 *(.init0)
 *(.init1)
 *(.init1)
 *(.init2)
 .init2         0x000000c4        0xc D:/Program Files (x86)/Atmel/Studio/7.0/Packs/atmel/ATmega_DFP/1.2.209/gcc/dev/atmega328p/avr5/crtatmega328p.o
 *(.init2)
 *(.init3)
 *(.init3)
 *(.init4)
 .init4         0x000000d0       0x16 d:/program files (x86)/atmel/studio/7.0/toolchain/avr8/avr8-gnu-toolchain/bin/../lib/gcc/avr/5.4.0/avr5\libgcc.a(_copy_data.o)
                0x000000d0                __do_copy_data
 .init4         0x000000e6       0x10 d:/program files (x86)/atmel/studio/7.0/toolchain/avr8/avr8-gnu-toolchain/bin/../lib/gcc/avr/5.4.0/avr5\libgcc.a(_clear_bss.o)
                0x000000e6                __do_clear_bss
 *(.init4)
 *(.init5)
 *(.init5)
 *(.init6)
 .init6         0x000000f6       0x16 d:/program files (x86)/atmel/studio/7.0/toolchain/avr8/avr8-gnu-toolchain/bin/../lib/gcc/avr/5.4.0/avr5\libgcc.a(_ctors.o)
                0x000000f6                __do_global_ctors
 *(.init6)
 *(.init7)
 *(.init7)
 *(.init8)
 *(.init8)
 *(.init9)
 .init9         0x0000010c        0x8 D:/Program Files (x86)/Atmel/Studio/7.0/Packs/atmel/ATmega_DFP/1.2.209/gcc/dev/atmega328p/avr5/crtatmega328p.o
 *(.init9)
 *(.text)
 .text          0x00000114        0x4 D:/Program Files (x86)/Atmel/Studio/7.0/Packs/atmel/ATmega_DFP/1.2.209/gcc/dev/atmega328p/avr5/crtatmega328p.o
                0x00000114                __vector_22
                0x00000114                __vector_1
                0x00000114                __vector_24
                0x00000114                __vector_12
                0x00000114                __bad_interrupt
                0x00000114                __vector_6
                0x00000114                __vector_3
                0x00000114                __vector_23
                0x00000114                __vector_25
                0x00000114                __vector_11
                0x00000114                __vector_13
                0x00000114                __vector_17
                0x00000114                __vector_7
                0x00000114                __vector_5
                0x00000114                __vector_4
                0x00000114                __vector_9
                0x00000114                __vector_2
                0x00000114                __vector_21
                0x00000114                __vector_15
                0x00000114                __vector_8
                0x00000114                __vector_14
                0x00000114                __vector_10
                0x00000114                __vector_20
                0x00000118                . = ALIGN (0x2)
 *(.text.*)
 .text._ZN14BatteryMonitorC2Ehhhm
                0x00000118       0x84 batteryMonitor.o
                0x00000118                _ZN14BatteryMonitorC2Ehhhm
                0x00000118                _ZN14BatteryMonitorC1Ehhhm
 .text._ZN14BatteryMonitor18checkBatteryStatusEv
                0x0000019c       0xb0 batteryMonitor.o
                0x0000019c                _ZN14BatteryMonitor18checkBatteryStatusEv
 .text._ZN6ButtonC2Ehbb
                0x0000024c       0x12 button.o
                0x0000024c                _ZN6ButtonC2Ehbb
                0x0000024c                _ZN6ButtonC1Ehbb
 .text._ZN6Button10isRiseEdgeEv
                0x0000025e       0xb6 button.o
                0x0000025e                _ZN6Button10isRiseEdgeEv
 .text._ZN3LEDC2Ehb
                0x00000314       0x3a led.o
                0x00000314                _ZN3LEDC1Ehb
                0x00000314                _ZN3LEDC2Ehb
 .text._ZN3LED2onEv
                0x0000034e        0xa led.o
                0x0000034e                _ZN3LED2onEv
 .text._ZN3LED3offEv
                0x00000358        0xa led.o
                0x00000358                _ZN3LED3offEv
 .text._ZN3LED8getStateEv
                0x00000362       0x14 led.o
                0x00000362                _ZN3LED8getStateEv
 .text._ZN3LED5blinkEjh
                0x00000376       0x7e led.o
                0x00000376                _ZN3LED5blinkEjh
 .text._ZN3LED11periodBlinkEjhj
                0x000003f4       0xb8 led.o
                0x000003f4                _ZN3LED11periodBlinkEjhj
 .text._ZN3LED7powerOnEv
                0x000004ac        0x4 led.o
                0x000004ac                _ZN3LED7powerOnEv
 .text._ZN3LED8powerOffEv
                0x000004b0        0x4 led.o
                0x000004b0                _ZN3LED8powerOffEv
 .text._ZN3LED12timerRunningEv
                0x000004b4        0xe led.o
                0x000004b4                _ZN3LED12timerRunningEv
 .text._ZN3LED7walkingEv
                0x000004c2        0xe led.o
                0x000004c2                _ZN3LED7walkingEv
 .text._ZN3LED7snoozedEv
                0x000004d0        0xe led.o
                0x000004d0                _ZN3LED7snoozedEv
 .text._ZN5MotorC2Eib
                0x000004de       0x20 motor.o
                0x000004de                _ZN5MotorC2Eib
                0x000004de                _ZN5MotorC1Eib
 .text._ZN5Motor5startEv
                0x000004fe        0xe motor.o
                0x000004fe                _ZN5Motor5startEv
 .text._ZN5Motor4stopEv
                0x0000050c        0xc motor.o
                0x0000050c                _ZN5Motor4stopEv
 .text._Z13hardwareSetupv
                0x00000518        0x8 pin.o
                0x00000518                _Z13hardwareSetupv
 .text._Z22is_preset_time_reachedv
                0x00000520        0xc main.o
                0x00000520                _Z22is_preset_time_reachedv
 .text._Z23is_time_setting_changedv
                0x0000052c       0x10 main.o
                0x0000052c                _Z23is_time_setting_changedv
 .text._Z22is_walk_button_pressedv
                0x0000053c        0xc main.o
                0x0000053c                _Z22is_walk_button_pressedv
 .text._Z24is_snooze_button_pressedv
                0x00000548        0xc main.o
                0x00000548                _Z24is_snooze_button_pressedv
 .text._Z21is_vibrating_overtimev
                0x00000554        0xc main.o
                0x00000554                _Z21is_vibrating_overtimev
 .text._Z23is_snoozed_time_reachedv
                0x00000560        0xc main.o
                0x00000560                _Z23is_snoozed_time_reachedv
 .text.setup    0x0000056c      0x136 main.o
                0x0000056c                setup
 .text.loop     0x000006a2      0x2c2 main.o
                0x000006a2                loop
 .text._ZN5TimerC2Ejj
                0x00000964       0x24 timer.o
                0x00000964                _ZN5TimerC2Ejj
                0x00000964                _ZN5TimerC1Ejj
 .text._ZN5Timer8getTimerEv
                0x00000988        0x8 timer.o
                0x00000988                _ZN5Timer8getTimerEv
 .text._ZN5Timer12getThresholdEv
                0x00000990        0x8 timer.o
                0x00000990                _ZN5Timer12getThresholdEv
 .text._ZN5Timer3runEv
                0x00000998       0x68 timer.o
                0x00000998                _ZN5Timer3runEv
 .text._ZN5Timer5resetEv
                0x00000a00        0x8 timer.o
                0x00000a00                _ZN5Timer5resetEv
 .text._ZN5Timer15readTimeSettingEi
                0x00000a08       0x24 timer.o
                0x00000a08                _ZN5Timer15readTimeSettingEi
 .text._ZN5Timer10isOvertimeEv
                0x00000a2c       0x22 timer.o
                0x00000a2c                _ZN5Timer10isOvertimeEv
 .text._ZN5Timer18isThresholdChangedEi
                0x00000a4e       0x2a timer.o
                0x00000a4e                _ZN5Timer18isThresholdChangedEi
 .text._ZN14HardwareSerial9availableEv
                0x00000a78       0x18 C:\Users\Steve\Desktop\arduino_pomodoro\arduino_pomodoro\ArduinoCore\Debug\libArduinoCore.a(HardwareSerial.o)
                0x00000a78                _ZN14HardwareSerial9availableEv
 .text._ZN14HardwareSerial4peekEv
                0x00000a90       0x1c C:\Users\Steve\Desktop\arduino_pomodoro\arduino_pomodoro\ArduinoCore\Debug\libArduinoCore.a(HardwareSerial.o)
                0x00000a90                _ZN14HardwareSerial4peekEv
 .text._ZN14HardwareSerial4readEv
                0x00000aac       0x28 C:\Users\Steve\Desktop\arduino_pomodoro\arduino_pomodoro\ArduinoCore\Debug\libArduinoCore.a(HardwareSerial.o)
                0x00000aac                _ZN14HardwareSerial4readEv
 .text._ZN14HardwareSerial17availableForWriteEv
                0x00000ad4       0x1e C:\Users\Steve\Desktop\arduino_pomodoro\arduino_pomodoro\ArduinoCore\Debug\libArduinoCore.a(HardwareSerial.o)
                0x00000ad4                _ZN14HardwareSerial17availableForWriteEv
 .text._Z14serialEventRunv
                0x00000af2       0x1c C:\Users\Steve\Desktop\arduino_pomodoro\arduino_pomodoro\ArduinoCore\Debug\libArduinoCore.a(HardwareSerial.o)
                0x00000af2                _Z14serialEventRunv
 .text._ZN14HardwareSerial17_tx_udr_empty_irqEv
                0x00000b0e       0x44 C:\Users\Steve\Desktop\arduino_pomodoro\arduino_pomodoro\ArduinoCore\Debug\libArduinoCore.a(HardwareSerial.o)
                0x00000b0e                _ZN14HardwareSerial17_tx_udr_empty_irqEv
 .text._ZN14HardwareSerial5writeEh
                0x00000b52       0x9a C:\Users\Steve\Desktop\arduino_pomodoro\arduino_pomodoro\ArduinoCore\Debug\libArduinoCore.a(HardwareSerial.o)
                0x00000b52                _ZN14HardwareSerial5writeEh
 .text._ZN14HardwareSerial5flushEv
                0x00000bec       0x44 C:\Users\Steve\Desktop\arduino_pomodoro\arduino_pomodoro\ArduinoCore\Debug\libArduinoCore.a(HardwareSerial.o)
                0x00000bec                _ZN14HardwareSerial5flushEv
 .text._ZN14HardwareSerial5beginEmh
                0x00000c30       0xca C:\Users\Steve\Desktop\arduino_pomodoro\arduino_pomodoro\ArduinoCore\Debug\libArduinoCore.a(HardwareSerial.o)
                0x00000c30                _ZN14HardwareSerial5beginEmh
 .text.__vector_18
                0x00000cfa       0x64 C:\Users\Steve\Desktop\arduino_pomodoro\arduino_pomodoro\ArduinoCore\Debug\libArduinoCore.a(HardwareSerial0.o)
                0x00000cfa                __vector_18
 .text.__vector_19
                0x00000d5e       0x4c C:\Users\Steve\Desktop\arduino_pomodoro\arduino_pomodoro\ArduinoCore\Debug\libArduinoCore.a(HardwareSerial0.o)
                0x00000d5e                __vector_19
 .text._Z17Serial0_availablev
                0x00000daa       0x14 C:\Users\Steve\Desktop\arduino_pomodoro\arduino_pomodoro\ArduinoCore\Debug\libArduinoCore.a(HardwareSerial0.o)
                0x00000daa                _Z17Serial0_availablev
 .text.startup._GLOBAL__sub_I___vector_18
                0x00000dbe       0x5a C:\Users\Steve\Desktop\arduino_pomodoro\arduino_pomodoro\ArduinoCore\Debug\libArduinoCore.a(HardwareSerial0.o)
 .text.initVariant
                0x00000e18        0x2 C:\Users\Steve\Desktop\arduino_pomodoro\arduino_pomodoro\ArduinoCore\Debug\libArduinoCore.a(main.o)
                0x00000e18                initVariant
 .text.startup.main
                0x00000e1a       0x1e C:\Users\Steve\Desktop\arduino_pomodoro\arduino_pomodoro\ArduinoCore\Debug\libArduinoCore.a(main.o)
                0x00000e1a                main
 .text._Znwj    0x00000e38        0x4 C:\Users\Steve\Desktop\arduino_pomodoro\arduino_pomodoro\ArduinoCore\Debug\libArduinoCore.a(new.o)
                0x00000e38                _Znwj
 .text._ZN5Print5writeEPKhj
                0x00000e3c       0x54 C:\Users\Steve\Desktop\arduino_pomodoro\arduino_pomodoro\ArduinoCore\Debug\libArduinoCore.a(Print.o)
                0x00000e3c                _ZN5Print5writeEPKhj
 .text._ZN5Print5writeEPKc
                0x00000e90       0x2a C:\Users\Steve\Desktop\arduino_pomodoro\arduino_pomodoro\ArduinoCore\Debug\libArduinoCore.a(Print.o)
                0x00000e90                _ZN5Print5writeEPKc
 .text._ZN5Print5printEPKc
                0x00000eba        0x4 C:\Users\Steve\Desktop\arduino_pomodoro\arduino_pomodoro\ArduinoCore\Debug\libArduinoCore.a(Print.o)
                0x00000eba                _ZN5Print5printEPKc
 .text._ZN5Print7printlnEv
                0x00000ebe        0x8 C:\Users\Steve\Desktop\arduino_pomodoro\arduino_pomodoro\ArduinoCore\Debug\libArduinoCore.a(Print.o)
                0x00000ebe                _ZN5Print7printlnEv
 .text._ZN5Print7printlnEPKc
                0x00000ec6       0x24 C:\Users\Steve\Desktop\arduino_pomodoro\arduino_pomodoro\ArduinoCore\Debug\libArduinoCore.a(Print.o)
                0x00000ec6                _ZN5Print7printlnEPKc
 .text._ZN5Print11printNumberEmh
                0x00000eea       0x92 C:\Users\Steve\Desktop\arduino_pomodoro\arduino_pomodoro\ArduinoCore\Debug\libArduinoCore.a(Print.o)
                0x00000eea                _ZN5Print11printNumberEmh
 .text._ZN5Print5printEmi
                0x00000f7c       0x1a C:\Users\Steve\Desktop\arduino_pomodoro\arduino_pomodoro\ArduinoCore\Debug\libArduinoCore.a(Print.o)
                0x00000f7c                _ZN5Print5printEmi
 .text._ZN5Print5printEji
                0x00000f96        0xc C:\Users\Steve\Desktop\arduino_pomodoro\arduino_pomodoro\ArduinoCore\Debug\libArduinoCore.a(Print.o)
                0x00000f96                _ZN5Print5printEji
 .text._ZN5Print7printlnEji
                0x00000fa2       0x24 C:\Users\Steve\Desktop\arduino_pomodoro\arduino_pomodoro\ArduinoCore\Debug\libArduinoCore.a(Print.o)
                0x00000fa2                _ZN5Print7printlnEji
 .text.__vector_16
                0x00000fc6       0x94 C:\Users\Steve\Desktop\arduino_pomodoro\arduino_pomodoro\ArduinoCore\Debug\libArduinoCore.a(wiring.o)
                0x00000fc6                __vector_16
 .text.millis   0x0000105a       0x18 C:\Users\Steve\Desktop\arduino_pomodoro\arduino_pomodoro\ArduinoCore\Debug\libArduinoCore.a(wiring.o)
                0x0000105a                millis
 .text.init     0x00001072       0x76 C:\Users\Steve\Desktop\arduino_pomodoro\arduino_pomodoro\ArduinoCore\Debug\libArduinoCore.a(wiring.o)
                0x00001072                init
 .text.turnOffPWM
                0x000010e8       0x52 C:\Users\Steve\Desktop\arduino_pomodoro\arduino_pomodoro\ArduinoCore\Debug\libArduinoCore.a(wiring_digital.o)
 .text.pinMode  0x0000113a       0x78 C:\Users\Steve\Desktop\arduino_pomodoro\arduino_pomodoro\ArduinoCore\Debug\libArduinoCore.a(wiring_digital.o)
                0x0000113a                pinMode
 .text.digitalWrite
                0x000011b2       0x5e C:\Users\Steve\Desktop\arduino_pomodoro\arduino_pomodoro\ArduinoCore\Debug\libArduinoCore.a(wiring_digital.o)
                0x000011b2                digitalWrite
 .text.digitalRead
                0x00001210       0x52 C:\Users\Steve\Desktop\arduino_pomodoro\arduino_pomodoro\ArduinoCore\Debug\libArduinoCore.a(wiring_digital.o)
                0x00001210                digitalRead
 .text.libgcc.div
                0x00001262       0x44 d:/program files (x86)/atmel/studio/7.0/toolchain/avr8/avr8-gnu-toolchain/bin/../lib/gcc/avr/5.4.0/avr5\libgcc.a(_udivmodsi4.o)
                0x00001262                __udivmodsi4
 .text.libgcc   0x000012a6        0xc d:/program files (x86)/atmel/studio/7.0/toolchain/avr8/avr8-gnu-toolchain/bin/../lib/gcc/avr/5.4.0/avr5\libgcc.a(_tablejump2.o)
                0x000012a6                __tablejump2__
 .text.avr-libc
                0x000012b2      0x242 d:/program files (x86)/atmel/studio/7.0/toolchain/avr8/avr8-gnu-toolchain/bin/../lib/gcc/avr/5.4.0/../../../../avr/lib/avr5\libc.a(malloc.o)
                0x000012b2                malloc
                0x000013e2                free
                0x000014f4                . = ALIGN (0x2)
 *(.fini9)
 .fini9         0x000014f4        0x0 d:/program files (x86)/atmel/studio/7.0/toolchain/avr8/avr8-gnu-toolchain/bin/../lib/gcc/avr/5.4.0/avr5\libgcc.a(_exit.o)
                0x000014f4                _exit
                0x000014f4                exit
 *(.fini9)
 *(.fini8)
 *(.fini8)
 *(.fini7)
 *(.fini7)
 *(.fini6)
 *(.fini6)
 *(.fini5)
 *(.fini5)
 *(.fini4)
 *(.fini4)
 *(.fini3)
 *(.fini3)
 *(.fini2)
 *(.fini2)
 *(.fini1)
 *(.fini1)
 *(.fini0)
 .fini0         0x000014f4        0x4 d:/program files (x86)/atmel/studio/7.0/toolchain/avr8/avr8-gnu-toolchain/bin/../lib/gcc/avr/5.4.0/avr5\libgcc.a(_exit.o)
 *(.fini0)
                0x000014f8                _etext = .

.data           0x00800100       0x88 load address 0x000014f8
                0x00800100                PROVIDE (__data_start, .)
 *(.data)
 .data          0x00800100        0x6 d:/program files (x86)/atmel/studio/7.0/toolchain/avr8/avr8-gnu-toolchain/bin/../lib/gcc/avr/5.4.0/../../../../avr/lib/avr5\libc.a(malloc.o)
                0x00800100                __malloc_heap_end
                0x00800102                __malloc_heap_start
                0x00800104                __malloc_margin
 *(.data*)
 *(.gnu.linkonce.d*)
 *(.rodata)
 *(.rodata*)
 .rodata.str1.1
                0x00800106       0x60 main.o
 .rodata._ZTV14HardwareSerial
                0x00800166       0x12 C:\Users\Steve\Desktop\arduino_pomodoro\arduino_pomodoro\ArduinoCore\Debug\libArduinoCore.a(HardwareSerial.o)
                0x00800166                _ZTV14HardwareSerial
 .rodata.str1.1
                0x00800178        0xf C:\Users\Steve\Desktop\arduino_pomodoro\arduino_pomodoro\ArduinoCore\Debug\libArduinoCore.a(Print.o)
 *(.gnu.linkonce.r*)
                0x00800188                . = ALIGN (0x2)
 *fill*         0x00800187        0x1 
                0x00800188                _edata = .
                0x00800188                PROVIDE (__data_end, .)

.bss            0x00800188       0xbc
                0x00800188                PROVIDE (__bss_start, .)
 *(.bss)
 *(.bss*)
 .bss.batteryMonitor
                0x00800188        0x2 main.o
                0x00800188                batteryMonitor
 .bss.led       0x0080018a        0x2 main.o
                0x0080018a                led
 .bss.motor     0x0080018c        0x2 main.o
                0x0080018c                motor
 .bss.snooze_button
                0x0080018e        0x2 main.o
                0x0080018e                snooze_button
 .bss.main_button
                0x00800190        0x2 main.o
                0x00800190                main_button
 .bss.snoozeTimer
                0x00800192        0x2 main.o
                0x00800192                snoozeTimer
 .bss.vibrateTimer
                0x00800194        0x2 main.o
                0x00800194                vibrateTimer
 .bss.workTimer
                0x00800196        0x2 main.o
                0x00800196                workTimer
 .bss.state     0x00800198        0x2 main.o
                0x00800198                state
 .bss.Serial    0x0080019a       0x9d C:\Users\Steve\Desktop\arduino_pomodoro\arduino_pomodoro\ArduinoCore\Debug\libArduinoCore.a(HardwareSerial0.o)
                0x0080019a                Serial
 .bss.timer0_fract
                0x00800237        0x1 C:\Users\Steve\Desktop\arduino_pomodoro\arduino_pomodoro\ArduinoCore\Debug\libArduinoCore.a(wiring.o)
 .bss.timer0_millis
                0x00800238        0x4 C:\Users\Steve\Desktop\arduino_pomodoro\arduino_pomodoro\ArduinoCore\Debug\libArduinoCore.a(wiring.o)
                0x00800238                timer0_millis
 .bss.timer0_overflow_count
                0x0080023c        0x4 C:\Users\Steve\Desktop\arduino_pomodoro\arduino_pomodoro\ArduinoCore\Debug\libArduinoCore.a(wiring.o)
                0x0080023c                timer0_overflow_count
 *(COMMON)
 COMMON         0x00800240        0x4 d:/program files (x86)/atmel/studio/7.0/toolchain/avr8/avr8-gnu-toolchain/bin/../lib/gcc/avr/5.4.0/../../../../avr/lib/avr5\libc.a(malloc.o)
                0x00800240                __brkval
                0x00800242                __flp
                0x00800244                PROVIDE (__bss_end, .)
                0x000014f8                __data_load_start = LOADADDR (.data)
                0x00001580                __data_load_end = (__data_load_start + SIZEOF (.data))

.noinit         0x00800244        0x0
                [!provide]                PROVIDE (__noinit_start, .)
 *(.noinit*)
                [!provide]                PROVIDE (__noinit_end, .)
                0x00800244                _end = .
                0x00800244                PROVIDE (__heap_start, .)

.eeprom         0x00810000        0x0
 *(.eeprom*)
                0x00810000                __eeprom_end = .

.fuse
 *(.fuse)
 *(.lfuse)
 *(.hfuse)
 *(.efuse)

.lock
 *(.lock*)

.signature
 *(.signature*)

.user_signatures
 *(.user_signatures*)

.stab
 *(.stab)

.stabstr
 *(.stabstr)

.stab.excl
 *(.stab.excl)

.stab.exclstr
 *(.stab.exclstr)

.stab.index
 *(.stab.index)

.stab.indexstr
 *(.stab.indexstr)

.comment        0x00000000       0x30
 *(.comment)
 .comment       0x00000000       0x30 batteryMonitor.o
                                 0x31 (size before relaxing)
 .comment       0x00000030       0x31 button.o
 .comment       0x00000030       0x31 led.o
 .comment       0x00000030       0x31 motor.o
 .comment       0x00000030       0x31 pin.o
 .comment       0x00000030       0x31 main.o
 .comment       0x00000030       0x31 timer.o
 .comment       0x00000030       0x31 C:\Users\Steve\Desktop\arduino_pomodoro\arduino_pomodoro\ArduinoCore\Debug\libArduinoCore.a(HardwareSerial.o)
 .comment       0x00000030       0x31 C:\Users\Steve\Desktop\arduino_pomodoro\arduino_pomodoro\ArduinoCore\Debug\libArduinoCore.a(HardwareSerial0.o)
 .comment       0x00000030       0x31 C:\Users\Steve\Desktop\arduino_pomodoro\arduino_pomodoro\ArduinoCore\Debug\libArduinoCore.a(main.o)
 .comment       0x00000030       0x31 C:\Users\Steve\Desktop\arduino_pomodoro\arduino_pomodoro\ArduinoCore\Debug\libArduinoCore.a(new.o)
 .comment       0x00000030       0x31 C:\Users\Steve\Desktop\arduino_pomodoro\arduino_pomodoro\ArduinoCore\Debug\libArduinoCore.a(Print.o)
 .comment       0x00000030       0x31 C:\Users\Steve\Desktop\arduino_pomodoro\arduino_pomodoro\ArduinoCore\Debug\libArduinoCore.a(wiring.o)
 .comment       0x00000030       0x31 C:\Users\Steve\Desktop\arduino_pomodoro\arduino_pomodoro\ArduinoCore\Debug\libArduinoCore.a(wiring_digital.o)
 .comment       0x00000030       0x31 d:/program files (x86)/atmel/studio/7.0/toolchain/avr8/avr8-gnu-toolchain/bin/../lib/gcc/avr/5.4.0/../../../../avr/lib/avr5\libc.a(malloc.o)

.note.gnu.avr.deviceinfo
                0x00000000       0x40
 .note.gnu.avr.deviceinfo
                0x00000000       0x40 D:/Program Files (x86)/Atmel/Studio/7.0/Packs/atmel/ATmega_DFP/1.2.209/gcc/dev/atmega328p/avr5/crtatmega328p.o

.note.gnu.build-id
 *(.note.gnu.build-id)

.debug
 *(.debug)

.line
 *(.line)

.debug_srcinfo
 *(.debug_srcinfo)

.debug_sfnames
 *(.debug_sfnames)

.debug_aranges  0x00000000      0x4a8
 *(.debug_aranges)
 .debug_aranges
                0x00000000       0x30 batteryMonitor.o
 .debug_aranges
                0x00000030       0x40 button.o
 .debug_aranges
                0x00000070       0x88 led.o
 .debug_aranges
                0x000000f8       0x40 motor.o
 .debug_aranges
                0x00000138       0x20 pin.o
 .debug_aranges
                0x00000158       0x58 main.o
 .debug_aranges
                0x000001b0       0x70 timer.o
 .debug_aranges
                0x00000220       0x68 C:\Users\Steve\Desktop\arduino_pomodoro\arduino_pomodoro\ArduinoCore\Debug\libArduinoCore.a(HardwareSerial.o)
 .debug_aranges
                0x00000288       0x48 C:\Users\Steve\Desktop\arduino_pomodoro\arduino_pomodoro\ArduinoCore\Debug\libArduinoCore.a(HardwareSerial0.o)
 .debug_aranges
                0x000002d0       0x30 C:\Users\Steve\Desktop\arduino_pomodoro\arduino_pomodoro\ArduinoCore\Debug\libArduinoCore.a(main.o)
 .debug_aranges
                0x00000300       0x28 C:\Users\Steve\Desktop\arduino_pomodoro\arduino_pomodoro\ArduinoCore\Debug\libArduinoCore.a(new.o)
 .debug_aranges
                0x00000328      0x100 C:\Users\Steve\Desktop\arduino_pomodoro\arduino_pomodoro\ArduinoCore\Debug\libArduinoCore.a(Print.o)
 .debug_aranges
                0x00000428       0x48 C:\Users\Steve\Desktop\arduino_pomodoro\arduino_pomodoro\ArduinoCore\Debug\libArduinoCore.a(wiring.o)
 .debug_aranges
                0x00000470       0x38 C:\Users\Steve\Desktop\arduino_pomodoro\arduino_pomodoro\ArduinoCore\Debug\libArduinoCore.a(wiring_digital.o)

.debug_pubnames
 *(.debug_pubnames)

.debug_info     0x00000000     0xa8e3
 *(.debug_info .gnu.linkonce.wi.*)
 .debug_info    0x00000000      0x5f4 D:/Program Files (x86)/Atmel/Studio/7.0/Packs/atmel/ATmega_DFP/1.2.209/gcc/dev/atmega328p/avr5/crtatmega328p.o
 .debug_info    0x000005f4      0x51f batteryMonitor.o
 .debug_info    0x00000b13      0x4d2 button.o
 .debug_info    0x00000fe5      0x9c6 led.o
 .debug_info    0x000019ab      0x414 motor.o
 .debug_info    0x00001dbf      0x208 pin.o
 .debug_info    0x00001fc7     0x11c7 main.o
 .debug_info    0x0000318e      0x7c0 timer.o
 .debug_info    0x0000394e     0x1f64 C:\Users\Steve\Desktop\arduino_pomodoro\arduino_pomodoro\ArduinoCore\Debug\libArduinoCore.a(HardwareSerial.o)
 .debug_info    0x000058b2     0x1b16 C:\Users\Steve\Desktop\arduino_pomodoro\arduino_pomodoro\ArduinoCore\Debug\libArduinoCore.a(HardwareSerial0.o)
 .debug_info    0x000073c8      0x237 C:\Users\Steve\Desktop\arduino_pomodoro\arduino_pomodoro\ArduinoCore\Debug\libArduinoCore.a(main.o)
 .debug_info    0x000075ff      0x11c C:\Users\Steve\Desktop\arduino_pomodoro\arduino_pomodoro\ArduinoCore\Debug\libArduinoCore.a(new.o)
 .debug_info    0x0000771b     0x28ff C:\Users\Steve\Desktop\arduino_pomodoro\arduino_pomodoro\ArduinoCore\Debug\libArduinoCore.a(Print.o)
 .debug_info    0x0000a01a      0x2cb C:\Users\Steve\Desktop\arduino_pomodoro\arduino_pomodoro\ArduinoCore\Debug\libArduinoCore.a(wiring.o)
 .debug_info    0x0000a2e5      0x5fe C:\Users\Steve\Desktop\arduino_pomodoro\arduino_pomodoro\ArduinoCore\Debug\libArduinoCore.a(wiring_digital.o)

.debug_abbrev   0x00000000     0x24e5
 *(.debug_abbrev)
 .debug_abbrev  0x00000000      0x5a2 D:/Program Files (x86)/Atmel/Studio/7.0/Packs/atmel/ATmega_DFP/1.2.209/gcc/dev/atmega328p/avr5/crtatmega328p.o
 .debug_abbrev  0x000005a2      0x1cf batteryMonitor.o
 .debug_abbrev  0x00000771      0x1f1 button.o
 .debug_abbrev  0x00000962      0x26e led.o
 .debug_abbrev  0x00000bd0      0x1b4 motor.o
 .debug_abbrev  0x00000d84       0xc6 pin.o
 .debug_abbrev  0x00000e4a      0x29e main.o
 .debug_abbrev  0x000010e8      0x262 timer.o
 .debug_abbrev  0x0000134a      0x4b7 C:\Users\Steve\Desktop\arduino_pomodoro\arduino_pomodoro\ArduinoCore\Debug\libArduinoCore.a(HardwareSerial.o)
 .debug_abbrev  0x00001801      0x3ce C:\Users\Steve\Desktop\arduino_pomodoro\arduino_pomodoro\ArduinoCore\Debug\libArduinoCore.a(HardwareSerial0.o)
 .debug_abbrev  0x00001bcf      0x12d C:\Users\Steve\Desktop\arduino_pomodoro\arduino_pomodoro\ArduinoCore\Debug\libArduinoCore.a(main.o)
 .debug_abbrev  0x00001cfc       0xce C:\Users\Steve\Desktop\arduino_pomodoro\arduino_pomodoro\ArduinoCore\Debug\libArduinoCore.a(new.o)
 .debug_abbrev  0x00001dca      0x47a C:\Users\Steve\Desktop\arduino_pomodoro\arduino_pomodoro\ArduinoCore\Debug\libArduinoCore.a(Print.o)
 .debug_abbrev  0x00002244      0x146 C:\Users\Steve\Desktop\arduino_pomodoro\arduino_pomodoro\ArduinoCore\Debug\libArduinoCore.a(wiring.o)
 .debug_abbrev  0x0000238a      0x15b C:\Users\Steve\Desktop\arduino_pomodoro\arduino_pomodoro\ArduinoCore\Debug\libArduinoCore.a(wiring_digital.o)

.debug_line     0x00000000     0x273e
 *(.debug_line .debug_line.* .debug_line_end)
 .debug_line    0x00000000      0x133 D:/Program Files (x86)/Atmel/Studio/7.0/Packs/atmel/ATmega_DFP/1.2.209/gcc/dev/atmega328p/avr5/crtatmega328p.o
 .debug_line    0x00000133      0x20a batteryMonitor.o
 .debug_line    0x0000033d      0x249 button.o
 .debug_line    0x00000586      0x2ee led.o
 .debug_line    0x00000874      0x1c5 motor.o
 .debug_line    0x00000a39      0x123 pin.o
 .debug_line    0x00000b5c      0x426 main.o
 .debug_line    0x00000f82      0x268 timer.o
 .debug_line    0x000011ea      0x4c4 C:\Users\Steve\Desktop\arduino_pomodoro\arduino_pomodoro\ArduinoCore\Debug\libArduinoCore.a(HardwareSerial.o)
 .debug_line    0x000016ae      0x28c C:\Users\Steve\Desktop\arduino_pomodoro\arduino_pomodoro\ArduinoCore\Debug\libArduinoCore.a(HardwareSerial0.o)
 .debug_line    0x0000193a      0x165 C:\Users\Steve\Desktop\arduino_pomodoro\arduino_pomodoro\ArduinoCore\Debug\libArduinoCore.a(main.o)
 .debug_line    0x00001a9f      0x12f C:\Users\Steve\Desktop\arduino_pomodoro\arduino_pomodoro\ArduinoCore\Debug\libArduinoCore.a(new.o)
 .debug_line    0x00001bce      0x685 C:\Users\Steve\Desktop\arduino_pomodoro\arduino_pomodoro\ArduinoCore\Debug\libArduinoCore.a(Print.o)
 .debug_line    0x00002253      0x299 C:\Users\Steve\Desktop\arduino_pomodoro\arduino_pomodoro\ArduinoCore\Debug\libArduinoCore.a(wiring.o)
 .debug_line    0x000024ec      0x252 C:\Users\Steve\Desktop\arduino_pomodoro\arduino_pomodoro\ArduinoCore\Debug\libArduinoCore.a(wiring_digital.o)

.debug_frame    0x00000000      0xd04
 *(.debug_frame)
 .debug_frame   0x00000000       0xa0 batteryMonitor.o
 .debug_frame   0x000000a0       0xc0 button.o
 .debug_frame   0x00000160      0x17c led.o
 .debug_frame   0x000002dc       0x7c motor.o
 .debug_frame   0x00000358       0x24 pin.o
 .debug_frame   0x0000037c       0xe0 main.o
 .debug_frame   0x0000045c      0x124 timer.o
 .debug_frame   0x00000580      0x110 C:\Users\Steve\Desktop\arduino_pomodoro\arduino_pomodoro\ArduinoCore\Debug\libArduinoCore.a(HardwareSerial.o)
 .debug_frame   0x00000690       0xe0 C:\Users\Steve\Desktop\arduino_pomodoro\arduino_pomodoro\ArduinoCore\Debug\libArduinoCore.a(HardwareSerial0.o)
 .debug_frame   0x00000770       0x54 C:\Users\Steve\Desktop\arduino_pomodoro\arduino_pomodoro\ArduinoCore\Debug\libArduinoCore.a(main.o)
 .debug_frame   0x000007c4       0x54 C:\Users\Steve\Desktop\arduino_pomodoro\arduino_pomodoro\ArduinoCore\Debug\libArduinoCore.a(new.o)
 .debug_frame   0x00000818      0x3ac C:\Users\Steve\Desktop\arduino_pomodoro\arduino_pomodoro\ArduinoCore\Debug\libArduinoCore.a(Print.o)
 .debug_frame   0x00000bc4       0xc4 C:\Users\Steve\Desktop\arduino_pomodoro\arduino_pomodoro\ArduinoCore\Debug\libArduinoCore.a(wiring.o)
 .debug_frame   0x00000c88       0x7c C:\Users\Steve\Desktop\arduino_pomodoro\arduino_pomodoro\ArduinoCore\Debug\libArduinoCore.a(wiring_digital.o)

.debug_str      0x00000000     0x2868
 *(.debug_str)
 .debug_str     0x00000000      0x208 D:/Program Files (x86)/Atmel/Studio/7.0/Packs/atmel/ATmega_DFP/1.2.209/gcc/dev/atmega328p/avr5/crtatmega328p.o
 .debug_str     0x00000208      0x3f7 batteryMonitor.o
                                0x452 (size before relaxing)
 .debug_str     0x000005ff      0x104 button.o
                                0x38c (size before relaxing)
 .debug_str     0x00000703      0x1f9 led.o
                                0x48d (size before relaxing)
 .debug_str     0x000008fc       0xa3 motor.o
                                0x318 (size before relaxing)
 .debug_str     0x0000099f       0x58 pin.o
                                0x2e6 (size before relaxing)
 .debug_str     0x000009f7      0x419 main.o
                                0xb2e (size before relaxing)
 .debug_str     0x00000e10       0x39 timer.o
                                0x4ad (size before relaxing)
 .debug_str     0x00000e49     0x132c C:\Users\Steve\Desktop\arduino_pomodoro\arduino_pomodoro\ArduinoCore\Debug\libArduinoCore.a(HardwareSerial.o)
                               0x160b (size before relaxing)
 .debug_str     0x00002175       0xca C:\Users\Steve\Desktop\arduino_pomodoro\arduino_pomodoro\ArduinoCore\Debug\libArduinoCore.a(HardwareSerial0.o)
                               0x13fe (size before relaxing)
 .debug_str     0x0000223f       0x37 C:\Users\Steve\Desktop\arduino_pomodoro\arduino_pomodoro\ArduinoCore\Debug\libArduinoCore.a(main.o)
                                0x2aa (size before relaxing)
 .debug_str     0x00002276       0x55 C:\Users\Steve\Desktop\arduino_pomodoro\arduino_pomodoro\ArduinoCore\Debug\libArduinoCore.a(new.o)
                                0x1c0 (size before relaxing)
 .debug_str     0x000022cb      0x38c C:\Users\Steve\Desktop\arduino_pomodoro\arduino_pomodoro\ArduinoCore\Debug\libArduinoCore.a(Print.o)
                               0x1238 (size before relaxing)
 .debug_str     0x00002657      0x15c C:\Users\Steve\Desktop\arduino_pomodoro\arduino_pomodoro\ArduinoCore\Debug\libArduinoCore.a(wiring.o)
                                0x240 (size before relaxing)
 .debug_str     0x000027b3       0xb5 C:\Users\Steve\Desktop\arduino_pomodoro\arduino_pomodoro\ArduinoCore\Debug\libArduinoCore.a(wiring_digital.o)
                                0x2a5 (size before relaxing)

.debug_loc      0x00000000     0x3d36
 *(.debug_loc)
 .debug_loc     0x00000000      0x268 batteryMonitor.o
 .debug_loc     0x00000268      0x25f button.o
 .debug_loc     0x000004c7      0x60f led.o
 .debug_loc     0x00000ad6      0x1c1 motor.o
 .debug_loc     0x00000c97       0xa8 main.o
 .debug_loc     0x00000d3f      0x40f timer.o
 .debug_loc     0x0000114e      0x4dc C:\Users\Steve\Desktop\arduino_pomodoro\arduino_pomodoro\ArduinoCore\Debug\libArduinoCore.a(HardwareSerial.o)
 .debug_loc     0x0000162a      0x1b0 C:\Users\Steve\Desktop\arduino_pomodoro\arduino_pomodoro\ArduinoCore\Debug\libArduinoCore.a(HardwareSerial0.o)
 .debug_loc     0x000017da       0x4c C:\Users\Steve\Desktop\arduino_pomodoro\arduino_pomodoro\ArduinoCore\Debug\libArduinoCore.a(new.o)
 .debug_loc     0x00001826     0x1c87 C:\Users\Steve\Desktop\arduino_pomodoro\arduino_pomodoro\ArduinoCore\Debug\libArduinoCore.a(Print.o)
 .debug_loc     0x000034ad      0x28d C:\Users\Steve\Desktop\arduino_pomodoro\arduino_pomodoro\ArduinoCore\Debug\libArduinoCore.a(wiring.o)
 .debug_loc     0x0000373a      0x5fc C:\Users\Steve\Desktop\arduino_pomodoro\arduino_pomodoro\ArduinoCore\Debug\libArduinoCore.a(wiring_digital.o)

.debug_macinfo
 *(.debug_macinfo)

.debug_weaknames
 *(.debug_weaknames)

.debug_funcnames
 *(.debug_funcnames)

.debug_typenames
 *(.debug_typenames)

.debug_varnames
 *(.debug_varnames)

.debug_pubtypes
 *(.debug_pubtypes)

.debug_ranges   0x00000000      0x3f8
 *(.debug_ranges)
 .debug_ranges  0x00000000       0x20 batteryMonitor.o
 .debug_ranges  0x00000020       0x30 button.o
 .debug_ranges  0x00000050       0x78 led.o
 .debug_ranges  0x000000c8       0x30 motor.o
 .debug_ranges  0x000000f8       0x10 pin.o
 .debug_ranges  0x00000108       0x48 main.o
 .debug_ranges  0x00000150       0x60 timer.o
 .debug_ranges  0x000001b0       0x58 C:\Users\Steve\Desktop\arduino_pomodoro\arduino_pomodoro\ArduinoCore\Debug\libArduinoCore.a(HardwareSerial.o)
 .debug_ranges  0x00000208       0x38 C:\Users\Steve\Desktop\arduino_pomodoro\arduino_pomodoro\ArduinoCore\Debug\libArduinoCore.a(HardwareSerial0.o)
 .debug_ranges  0x00000240       0x20 C:\Users\Steve\Desktop\arduino_pomodoro\arduino_pomodoro\ArduinoCore\Debug\libArduinoCore.a(main.o)
 .debug_ranges  0x00000260       0x18 C:\Users\Steve\Desktop\arduino_pomodoro\arduino_pomodoro\ArduinoCore\Debug\libArduinoCore.a(new.o)
 .debug_ranges  0x00000278      0x120 C:\Users\Steve\Desktop\arduino_pomodoro\arduino_pomodoro\ArduinoCore\Debug\libArduinoCore.a(Print.o)
 .debug_ranges  0x00000398       0x38 C:\Users\Steve\Desktop\arduino_pomodoro\arduino_pomodoro\ArduinoCore\Debug\libArduinoCore.a(wiring.o)
 .debug_ranges  0x000003d0       0x28 C:\Users\Steve\Desktop\arduino_pomodoro\arduino_pomodoro\ArduinoCore\Debug\libArduinoCore.a(wiring_digital.o)

.debug_macro
 *(.debug_macro)
OUTPUT(arduino_pomodoro.elf elf32-avr)
LOAD linker stubs
