Archive member included to satisfy reference by file (symbol)

C:\Users\Steve\Desktop\arduino_pomodoro\arduino_pomodoro\ArduinoCore\Debug\libArduinoCore.a(main.o)
                              D:/Program Files (x86)/Atmel/Studio/7.0/Packs/atmel/ATmega_DFP/1.2.209/gcc/dev/atmega328p/avr5/crtatmega328p.o (main)
C:\Users\Steve\Desktop\arduino_pomodoro\arduino_pomodoro\ArduinoCore\Debug\libArduinoCore.a(new.o)
                              main.o (_Znwj)
C:\Users\Steve\Desktop\arduino_pomodoro\arduino_pomodoro\ArduinoCore\Debug\libArduinoCore.a(wiring.o)
                              batteryMonitor.o (millis)
C:\Users\Steve\Desktop\arduino_pomodoro\arduino_pomodoro\ArduinoCore\Debug\libArduinoCore.a(wiring_digital.o)
                              batteryMonitor.o (pinMode)
C:\Users\Steve\Desktop\arduino_pomodoro\arduino_pomodoro\ArduinoCore\Debug\libArduinoCore.a(hooks.o)
                              C:\Users\Steve\Desktop\arduino_pomodoro\arduino_pomodoro\ArduinoCore\Debug\libArduinoCore.a(wiring.o) (yield)
d:/program files (x86)/atmel/studio/7.0/toolchain/avr8/avr8-gnu-toolchain/bin/../lib/gcc/avr/5.4.0/avr5\libgcc.a(_exit.o)
                              D:/Program Files (x86)/Atmel/Studio/7.0/Packs/atmel/ATmega_DFP/1.2.209/gcc/dev/atmega328p/avr5/crtatmega328p.o (exit)
d:/program files (x86)/atmel/studio/7.0/toolchain/avr8/avr8-gnu-toolchain/bin/../lib/gcc/avr/5.4.0/avr5\libgcc.a(_clear_bss.o)
                              main.o (__do_clear_bss)
d:/program files (x86)/atmel/studio/7.0/toolchain/avr8/avr8-gnu-toolchain/bin/../lib/gcc/avr/5.4.0/../../../../avr/lib/avr5\libc.a(malloc.o)
                              C:\Users\Steve\Desktop\arduino_pomodoro\arduino_pomodoro\ArduinoCore\Debug\libArduinoCore.a(new.o) (malloc)
d:/program files (x86)/atmel/studio/7.0/toolchain/avr8/avr8-gnu-toolchain/bin/../lib/gcc/avr/5.4.0/avr5\libgcc.a(_copy_data.o)
                              d:/program files (x86)/atmel/studio/7.0/toolchain/avr8/avr8-gnu-toolchain/bin/../lib/gcc/avr/5.4.0/../../../../avr/lib/avr5\libc.a(malloc.o) (__do_copy_data)

Allocating common symbols
Common symbol       size              file

__brkval            0x2               d:/program files (x86)/atmel/studio/7.0/toolchain/avr8/avr8-gnu-toolchain/bin/../lib/gcc/avr/5.4.0/../../../../avr/lib/avr5\libc.a(malloc.o)
__flp               0x2               d:/program files (x86)/atmel/studio/7.0/toolchain/avr8/avr8-gnu-toolchain/bin/../lib/gcc/avr/5.4.0/../../../../avr/lib/avr5\libc.a(malloc.o)

Discarded input sections

 .data          0x00000000        0x0 D:/Program Files (x86)/Atmel/Studio/7.0/Packs/atmel/ATmega_DFP/1.2.209/gcc/dev/atmega328p/avr5/crtatmega328p.o
 .bss           0x00000000        0x0 D:/Program Files (x86)/Atmel/Studio/7.0/Packs/atmel/ATmega_DFP/1.2.209/gcc/dev/atmega328p/avr5/crtatmega328p.o
 .text          0x00000000        0x0 batteryMonitor.o
 .data          0x00000000        0x0 batteryMonitor.o
 .bss           0x00000000        0x0 batteryMonitor.o
 .text._ZN14BatteryMonitorD2Ev
                0x00000000        0x2 batteryMonitor.o
 .text          0x00000000        0x0 button.o
 .data          0x00000000        0x0 button.o
 .bss           0x00000000        0x0 button.o
 .text._ZN6Button9disattachEv
                0x00000000       0x1a button.o
 .text._ZN6ButtonD2Ev
                0x00000000        0x4 button.o
 .text._ZN6Button10isFallEdgeEv
                0x00000000       0xbc button.o
 .text          0x00000000        0x0 condition.o
 .data          0x00000000        0x0 condition.o
 .bss           0x00000000        0x0 condition.o
 .debug_info    0x00000000      0x157 condition.o
 .debug_abbrev  0x00000000       0x79 condition.o
 .debug_aranges
                0x00000000       0x18 condition.o
 .debug_line    0x00000000       0xe7 condition.o
 .debug_str     0x00000000      0x258 condition.o
 .comment       0x00000000       0x31 condition.o
 .text          0x00000000        0x0 led.o
 .data          0x00000000        0x0 led.o
 .bss           0x00000000        0x0 led.o
 .text._ZN3LED9disattachEv
                0x00000000       0x1a led.o
 .text._ZN3LEDD2Ev
                0x00000000        0x4 led.o
 .text._ZN3LED10resetBlinkEv
                0x00000000        0x6 led.o
 .text          0x00000000        0x0 motor.o
 .data          0x00000000        0x0 motor.o
 .bss           0x00000000        0x0 motor.o
 .text._ZN5MotorD2Ev
                0x00000000       0x1a motor.o
 .text._ZN5Motor7reverseEv
                0x00000000        0xe motor.o
 .text          0x00000000        0x0 pin.o
 .data          0x00000000        0x0 pin.o
 .bss           0x00000000        0x0 pin.o
 .text          0x00000000        0x0 main.o
 .data          0x00000000        0x0 main.o
 .bss           0x00000000        0x0 main.o
 .text._Z23is_pause_button_pressedv
                0x00000000        0x4 main.o
 .text._Z23is_start_button_pressedv
                0x00000000        0x4 main.o
 .text          0x00000000        0x0 timer.o
 .data          0x00000000        0x0 timer.o
 .bss           0x00000000        0x0 timer.o
 .text._ZN5TimerD2Ev
                0x00000000        0x2 timer.o
 .text._ZN5Timer8getTimerEv
                0x00000000        0x8 timer.o
 .text._ZN5Timer8setTimerEj
                0x00000000        0x8 timer.o
 .text._ZN5Timer12getThresholdEv
                0x00000000        0x8 timer.o
 .text._ZN5Timer12setThresholdEj
                0x00000000        0x8 timer.o
 .text          0x00000000        0x0 C:\Users\Steve\Desktop\arduino_pomodoro\arduino_pomodoro\ArduinoCore\Debug\libArduinoCore.a(main.o)
 .data          0x00000000        0x0 C:\Users\Steve\Desktop\arduino_pomodoro\arduino_pomodoro\ArduinoCore\Debug\libArduinoCore.a(main.o)
 .bss           0x00000000        0x0 C:\Users\Steve\Desktop\arduino_pomodoro\arduino_pomodoro\ArduinoCore\Debug\libArduinoCore.a(main.o)
 .text.atexit   0x00000000        0x6 C:\Users\Steve\Desktop\arduino_pomodoro\arduino_pomodoro\ArduinoCore\Debug\libArduinoCore.a(main.o)
 .text._Z8setupUSBv
                0x00000000        0x2 C:\Users\Steve\Desktop\arduino_pomodoro\arduino_pomodoro\ArduinoCore\Debug\libArduinoCore.a(main.o)
 .text          0x00000000        0x0 C:\Users\Steve\Desktop\arduino_pomodoro\arduino_pomodoro\ArduinoCore\Debug\libArduinoCore.a(new.o)
 .data          0x00000000        0x0 C:\Users\Steve\Desktop\arduino_pomodoro\arduino_pomodoro\ArduinoCore\Debug\libArduinoCore.a(new.o)
 .bss           0x00000000        0x0 C:\Users\Steve\Desktop\arduino_pomodoro\arduino_pomodoro\ArduinoCore\Debug\libArduinoCore.a(new.o)
 .text._Znaj    0x00000000        0x4 C:\Users\Steve\Desktop\arduino_pomodoro\arduino_pomodoro\ArduinoCore\Debug\libArduinoCore.a(new.o)
 .text._ZdlPv   0x00000000        0x4 C:\Users\Steve\Desktop\arduino_pomodoro\arduino_pomodoro\ArduinoCore\Debug\libArduinoCore.a(new.o)
 .text._ZdaPv   0x00000000        0x4 C:\Users\Steve\Desktop\arduino_pomodoro\arduino_pomodoro\ArduinoCore\Debug\libArduinoCore.a(new.o)
 .text          0x00000000        0x0 C:\Users\Steve\Desktop\arduino_pomodoro\arduino_pomodoro\ArduinoCore\Debug\libArduinoCore.a(wiring.o)
 .data          0x00000000        0x0 C:\Users\Steve\Desktop\arduino_pomodoro\arduino_pomodoro\ArduinoCore\Debug\libArduinoCore.a(wiring.o)
 .bss           0x00000000        0x0 C:\Users\Steve\Desktop\arduino_pomodoro\arduino_pomodoro\ArduinoCore\Debug\libArduinoCore.a(wiring.o)
 .text.micros   0x00000000       0x4a C:\Users\Steve\Desktop\arduino_pomodoro\arduino_pomodoro\ArduinoCore\Debug\libArduinoCore.a(wiring.o)
 .text.delay    0x00000000       0x78 C:\Users\Steve\Desktop\arduino_pomodoro\arduino_pomodoro\ArduinoCore\Debug\libArduinoCore.a(wiring.o)
 .text.delayMicroseconds
                0x00000000       0x16 C:\Users\Steve\Desktop\arduino_pomodoro\arduino_pomodoro\ArduinoCore\Debug\libArduinoCore.a(wiring.o)
 .text          0x00000000        0x0 C:\Users\Steve\Desktop\arduino_pomodoro\arduino_pomodoro\ArduinoCore\Debug\libArduinoCore.a(wiring_digital.o)
 .data          0x00000000        0x0 C:\Users\Steve\Desktop\arduino_pomodoro\arduino_pomodoro\ArduinoCore\Debug\libArduinoCore.a(wiring_digital.o)
 .bss           0x00000000        0x0 C:\Users\Steve\Desktop\arduino_pomodoro\arduino_pomodoro\ArduinoCore\Debug\libArduinoCore.a(wiring_digital.o)
 .text          0x00000000        0x0 C:\Users\Steve\Desktop\arduino_pomodoro\arduino_pomodoro\ArduinoCore\Debug\libArduinoCore.a(hooks.o)
 .data          0x00000000        0x0 C:\Users\Steve\Desktop\arduino_pomodoro\arduino_pomodoro\ArduinoCore\Debug\libArduinoCore.a(hooks.o)
 .bss           0x00000000        0x0 C:\Users\Steve\Desktop\arduino_pomodoro\arduino_pomodoro\ArduinoCore\Debug\libArduinoCore.a(hooks.o)
 .text.__empty  0x00000000        0x2 C:\Users\Steve\Desktop\arduino_pomodoro\arduino_pomodoro\ArduinoCore\Debug\libArduinoCore.a(hooks.o)
 .debug_info    0x00000000       0x3e C:\Users\Steve\Desktop\arduino_pomodoro\arduino_pomodoro\ArduinoCore\Debug\libArduinoCore.a(hooks.o)
 .debug_abbrev  0x00000000       0x2a C:\Users\Steve\Desktop\arduino_pomodoro\arduino_pomodoro\ArduinoCore\Debug\libArduinoCore.a(hooks.o)
 .debug_aranges
                0x00000000       0x20 C:\Users\Steve\Desktop\arduino_pomodoro\arduino_pomodoro\ArduinoCore\Debug\libArduinoCore.a(hooks.o)
 .debug_ranges  0x00000000       0x10 C:\Users\Steve\Desktop\arduino_pomodoro\arduino_pomodoro\ArduinoCore\Debug\libArduinoCore.a(hooks.o)
 .debug_line    0x00000000       0x41 C:\Users\Steve\Desktop\arduino_pomodoro\arduino_pomodoro\ArduinoCore\Debug\libArduinoCore.a(hooks.o)
 .debug_str     0x00000000      0x135 C:\Users\Steve\Desktop\arduino_pomodoro\arduino_pomodoro\ArduinoCore\Debug\libArduinoCore.a(hooks.o)
 .comment       0x00000000       0x31 C:\Users\Steve\Desktop\arduino_pomodoro\arduino_pomodoro\ArduinoCore\Debug\libArduinoCore.a(hooks.o)
 .debug_frame   0x00000000       0x24 C:\Users\Steve\Desktop\arduino_pomodoro\arduino_pomodoro\ArduinoCore\Debug\libArduinoCore.a(hooks.o)
 .text          0x00000000        0x0 d:/program files (x86)/atmel/studio/7.0/toolchain/avr8/avr8-gnu-toolchain/bin/../lib/gcc/avr/5.4.0/avr5\libgcc.a(_exit.o)
 .data          0x00000000        0x0 d:/program files (x86)/atmel/studio/7.0/toolchain/avr8/avr8-gnu-toolchain/bin/../lib/gcc/avr/5.4.0/avr5\libgcc.a(_exit.o)
 .bss           0x00000000        0x0 d:/program files (x86)/atmel/studio/7.0/toolchain/avr8/avr8-gnu-toolchain/bin/../lib/gcc/avr/5.4.0/avr5\libgcc.a(_exit.o)
 .text.libgcc.mul
                0x00000000        0x0 d:/program files (x86)/atmel/studio/7.0/toolchain/avr8/avr8-gnu-toolchain/bin/../lib/gcc/avr/5.4.0/avr5\libgcc.a(_exit.o)
 .text.libgcc.div
                0x00000000        0x0 d:/program files (x86)/atmel/studio/7.0/toolchain/avr8/avr8-gnu-toolchain/bin/../lib/gcc/avr/5.4.0/avr5\libgcc.a(_exit.o)
 .text.libgcc   0x00000000        0x0 d:/program files (x86)/atmel/studio/7.0/toolchain/avr8/avr8-gnu-toolchain/bin/../lib/gcc/avr/5.4.0/avr5\libgcc.a(_exit.o)
 .text.libgcc.prologue
                0x00000000        0x0 d:/program files (x86)/atmel/studio/7.0/toolchain/avr8/avr8-gnu-toolchain/bin/../lib/gcc/avr/5.4.0/avr5\libgcc.a(_exit.o)
 .text.libgcc.builtins
                0x00000000        0x0 d:/program files (x86)/atmel/studio/7.0/toolchain/avr8/avr8-gnu-toolchain/bin/../lib/gcc/avr/5.4.0/avr5\libgcc.a(_exit.o)
 .text.libgcc.fmul
                0x00000000        0x0 d:/program files (x86)/atmel/studio/7.0/toolchain/avr8/avr8-gnu-toolchain/bin/../lib/gcc/avr/5.4.0/avr5\libgcc.a(_exit.o)
 .text.libgcc.fixed
                0x00000000        0x0 d:/program files (x86)/atmel/studio/7.0/toolchain/avr8/avr8-gnu-toolchain/bin/../lib/gcc/avr/5.4.0/avr5\libgcc.a(_exit.o)
 .text          0x00000000        0x0 d:/program files (x86)/atmel/studio/7.0/toolchain/avr8/avr8-gnu-toolchain/bin/../lib/gcc/avr/5.4.0/avr5\libgcc.a(_clear_bss.o)
 .data          0x00000000        0x0 d:/program files (x86)/atmel/studio/7.0/toolchain/avr8/avr8-gnu-toolchain/bin/../lib/gcc/avr/5.4.0/avr5\libgcc.a(_clear_bss.o)
 .bss           0x00000000        0x0 d:/program files (x86)/atmel/studio/7.0/toolchain/avr8/avr8-gnu-toolchain/bin/../lib/gcc/avr/5.4.0/avr5\libgcc.a(_clear_bss.o)
 .text.libgcc.mul
                0x00000000        0x0 d:/program files (x86)/atmel/studio/7.0/toolchain/avr8/avr8-gnu-toolchain/bin/../lib/gcc/avr/5.4.0/avr5\libgcc.a(_clear_bss.o)
 .text.libgcc.div
                0x00000000        0x0 d:/program files (x86)/atmel/studio/7.0/toolchain/avr8/avr8-gnu-toolchain/bin/../lib/gcc/avr/5.4.0/avr5\libgcc.a(_clear_bss.o)
 .text.libgcc   0x00000000        0x0 d:/program files (x86)/atmel/studio/7.0/toolchain/avr8/avr8-gnu-toolchain/bin/../lib/gcc/avr/5.4.0/avr5\libgcc.a(_clear_bss.o)
 .text.libgcc.prologue
                0x00000000        0x0 d:/program files (x86)/atmel/studio/7.0/toolchain/avr8/avr8-gnu-toolchain/bin/../lib/gcc/avr/5.4.0/avr5\libgcc.a(_clear_bss.o)
 .text.libgcc.builtins
                0x00000000        0x0 d:/program files (x86)/atmel/studio/7.0/toolchain/avr8/avr8-gnu-toolchain/bin/../lib/gcc/avr/5.4.0/avr5\libgcc.a(_clear_bss.o)
 .text.libgcc.fmul
                0x00000000        0x0 d:/program files (x86)/atmel/studio/7.0/toolchain/avr8/avr8-gnu-toolchain/bin/../lib/gcc/avr/5.4.0/avr5\libgcc.a(_clear_bss.o)
 .text.libgcc.fixed
                0x00000000        0x0 d:/program files (x86)/atmel/studio/7.0/toolchain/avr8/avr8-gnu-toolchain/bin/../lib/gcc/avr/5.4.0/avr5\libgcc.a(_clear_bss.o)
 .text          0x00000000        0x0 d:/program files (x86)/atmel/studio/7.0/toolchain/avr8/avr8-gnu-toolchain/bin/../lib/gcc/avr/5.4.0/../../../../avr/lib/avr5\libc.a(malloc.o)
 .bss           0x00000000        0x0 d:/program files (x86)/atmel/studio/7.0/toolchain/avr8/avr8-gnu-toolchain/bin/../lib/gcc/avr/5.4.0/../../../../avr/lib/avr5\libc.a(malloc.o)
 .text          0x00000000        0x0 d:/program files (x86)/atmel/studio/7.0/toolchain/avr8/avr8-gnu-toolchain/bin/../lib/gcc/avr/5.4.0/avr5\libgcc.a(_copy_data.o)
 .data          0x00000000        0x0 d:/program files (x86)/atmel/studio/7.0/toolchain/avr8/avr8-gnu-toolchain/bin/../lib/gcc/avr/5.4.0/avr5\libgcc.a(_copy_data.o)
 .bss           0x00000000        0x0 d:/program files (x86)/atmel/studio/7.0/toolchain/avr8/avr8-gnu-toolchain/bin/../lib/gcc/avr/5.4.0/avr5\libgcc.a(_copy_data.o)
 .text.libgcc.mul
                0x00000000        0x0 d:/program files (x86)/atmel/studio/7.0/toolchain/avr8/avr8-gnu-toolchain/bin/../lib/gcc/avr/5.4.0/avr5\libgcc.a(_copy_data.o)
 .text.libgcc.div
                0x00000000        0x0 d:/program files (x86)/atmel/studio/7.0/toolchain/avr8/avr8-gnu-toolchain/bin/../lib/gcc/avr/5.4.0/avr5\libgcc.a(_copy_data.o)
 .text.libgcc   0x00000000        0x0 d:/program files (x86)/atmel/studio/7.0/toolchain/avr8/avr8-gnu-toolchain/bin/../lib/gcc/avr/5.4.0/avr5\libgcc.a(_copy_data.o)
 .text.libgcc.prologue
                0x00000000        0x0 d:/program files (x86)/atmel/studio/7.0/toolchain/avr8/avr8-gnu-toolchain/bin/../lib/gcc/avr/5.4.0/avr5\libgcc.a(_copy_data.o)
 .text.libgcc.builtins
                0x00000000        0x0 d:/program files (x86)/atmel/studio/7.0/toolchain/avr8/avr8-gnu-toolchain/bin/../lib/gcc/avr/5.4.0/avr5\libgcc.a(_copy_data.o)
 .text.libgcc.fmul
                0x00000000        0x0 d:/program files (x86)/atmel/studio/7.0/toolchain/avr8/avr8-gnu-toolchain/bin/../lib/gcc/avr/5.4.0/avr5\libgcc.a(_copy_data.o)
 .text.libgcc.fixed
                0x00000000        0x0 d:/program files (x86)/atmel/studio/7.0/toolchain/avr8/avr8-gnu-toolchain/bin/../lib/gcc/avr/5.4.0/avr5\libgcc.a(_copy_data.o)

Memory Configuration

Name             Origin             Length             Attributes
text             0x00000000         0x00020000         xr
data             0x00800060         0x0000ffa0         rw !x
eeprom           0x00810000         0x00010000         rw !x
fuse             0x00820000         0x00000003         rw !x
lock             0x00830000         0x00000400         rw !x
signature        0x00840000         0x00000400         rw !x
user_signatures  0x00850000         0x00000400         rw !x
*default*        0x00000000         0xffffffff

Linker script and memory map

Address of section .data set to 0x800100
LOAD D:/Program Files (x86)/Atmel/Studio/7.0/Packs/atmel/ATmega_DFP/1.2.209/gcc/dev/atmega328p/avr5/crtatmega328p.o
LOAD batteryMonitor.o
LOAD button.o
LOAD condition.o
LOAD led.o
LOAD motor.o
LOAD pin.o
LOAD main.o
LOAD timer.o
START GROUP
LOAD d:/program files (x86)/atmel/studio/7.0/toolchain/avr8/avr8-gnu-toolchain/bin/../lib/gcc/avr/5.4.0/../../../../avr/lib/avr5\libm.a
LOAD C:\Users\Steve\Desktop\arduino_pomodoro\arduino_pomodoro\ArduinoCore\Debug\libArduinoCore.a
END GROUP
LOAD d:/program files (x86)/atmel/studio/7.0/toolchain/avr8/avr8-gnu-toolchain/bin/../lib/gcc/avr/5.4.0/avr5\libgcc.a
LOAD d:/program files (x86)/atmel/studio/7.0/toolchain/avr8/avr8-gnu-toolchain/bin/../lib/gcc/avr/5.4.0/../../../../avr/lib/avr5\libm.a
START GROUP
LOAD d:/program files (x86)/atmel/studio/7.0/toolchain/avr8/avr8-gnu-toolchain/bin/../lib/gcc/avr/5.4.0/avr5\libgcc.a
LOAD d:/program files (x86)/atmel/studio/7.0/toolchain/avr8/avr8-gnu-toolchain/bin/../lib/gcc/avr/5.4.0/../../../../avr/lib/avr5\libm.a
LOAD d:/program files (x86)/atmel/studio/7.0/toolchain/avr8/avr8-gnu-toolchain/bin/../lib/gcc/avr/5.4.0/../../../../avr/lib/avr5\libc.a
LOAD D:/Program Files (x86)/Atmel/Studio/7.0/Packs/atmel/ATmega_DFP/1.2.209/gcc/dev/atmega328p/avr5\libatmega328p.a
END GROUP
                0x00020000                __TEXT_REGION_LENGTH__ = DEFINED (__TEXT_REGION_LENGTH__)?__TEXT_REGION_LENGTH__:0x20000
                0x0000ffa0                __DATA_REGION_LENGTH__ = DEFINED (__DATA_REGION_LENGTH__)?__DATA_REGION_LENGTH__:0xffa0
                0x00010000                __EEPROM_REGION_LENGTH__ = DEFINED (__EEPROM_REGION_LENGTH__)?__EEPROM_REGION_LENGTH__:0x10000
                [0x00000003]                __FUSE_REGION_LENGTH__ = DEFINED (__FUSE_REGION_LENGTH__)?__FUSE_REGION_LENGTH__:0x400
                0x00000400                __LOCK_REGION_LENGTH__ = DEFINED (__LOCK_REGION_LENGTH__)?__LOCK_REGION_LENGTH__:0x400
                0x00000400                __SIGNATURE_REGION_LENGTH__ = DEFINED (__SIGNATURE_REGION_LENGTH__)?__SIGNATURE_REGION_LENGTH__:0x400
                0x00000400                __USER_SIGNATURE_REGION_LENGTH__ = DEFINED (__USER_SIGNATURE_REGION_LENGTH__)?__USER_SIGNATURE_REGION_LENGTH__:0x400

.hash
 *(.hash)

.dynsym
 *(.dynsym)

.dynstr
 *(.dynstr)

.gnu.version
 *(.gnu.version)

.gnu.version_d
 *(.gnu.version_d)

.gnu.version_r
 *(.gnu.version_r)

.rel.init
 *(.rel.init)

.rela.init
 *(.rela.init)

.rel.text
 *(.rel.text)
 *(.rel.text.*)
 *(.rel.gnu.linkonce.t*)

.rela.text
 *(.rela.text)
 *(.rela.text.*)
 *(.rela.gnu.linkonce.t*)

.rel.fini
 *(.rel.fini)

.rela.fini
 *(.rela.fini)

.rel.rodata
 *(.rel.rodata)
 *(.rel.rodata.*)
 *(.rel.gnu.linkonce.r*)

.rela.rodata
 *(.rela.rodata)
 *(.rela.rodata.*)
 *(.rela.gnu.linkonce.r*)

.rel.data
 *(.rel.data)
 *(.rel.data.*)
 *(.rel.gnu.linkonce.d*)

.rela.data
 *(.rela.data)
 *(.rela.data.*)
 *(.rela.gnu.linkonce.d*)

.rel.ctors
 *(.rel.ctors)

.rela.ctors
 *(.rela.ctors)

.rel.dtors
 *(.rel.dtors)

.rela.dtors
 *(.rela.dtors)

.rel.got
 *(.rel.got)

.rela.got
 *(.rela.got)

.rel.bss
 *(.rel.bss)

.rela.bss
 *(.rela.bss)

.rel.plt
 *(.rel.plt)

.rela.plt
 *(.rela.plt)

.text           0x00000000      0xe06
 *(.vectors)
 .vectors       0x00000000       0x68 D:/Program Files (x86)/Atmel/Studio/7.0/Packs/atmel/ATmega_DFP/1.2.209/gcc/dev/atmega328p/avr5/crtatmega328p.o
                0x00000000                __vector_default
                0x00000000                __vectors
 *(.vectors)
 *(.progmem.gcc*)
                0x00000068                . = ALIGN (0x2)
                0x00000068                __trampolines_start = .
 *(.trampolines)
 .trampolines   0x00000068        0x0 linker stubs
 *(.trampolines*)
                0x00000068                __trampolines_end = .
 *libprintf_flt.a:*(.progmem.data)
 *libc.a:*(.progmem.data)
 *(.progmem*)
 .progmem.data.digital_pin_to_timer_PGM
                0x00000068       0x14 C:\Users\Steve\Desktop\arduino_pomodoro\arduino_pomodoro\ArduinoCore\Debug\libArduinoCore.a(wiring_digital.o)
                0x00000068                digital_pin_to_timer_PGM
 .progmem.data.digital_pin_to_bit_mask_PGM
                0x0000007c       0x14 C:\Users\Steve\Desktop\arduino_pomodoro\arduino_pomodoro\ArduinoCore\Debug\libArduinoCore.a(wiring_digital.o)
                0x0000007c                digital_pin_to_bit_mask_PGM
 .progmem.data.digital_pin_to_port_PGM
                0x00000090       0x14 C:\Users\Steve\Desktop\arduino_pomodoro\arduino_pomodoro\ArduinoCore\Debug\libArduinoCore.a(wiring_digital.o)
                0x00000090                digital_pin_to_port_PGM
 .progmem.data.port_to_input_PGM
                0x000000a4        0xa C:\Users\Steve\Desktop\arduino_pomodoro\arduino_pomodoro\ArduinoCore\Debug\libArduinoCore.a(wiring_digital.o)
                0x000000a4                port_to_input_PGM
 .progmem.data.port_to_output_PGM
                0x000000ae        0xa C:\Users\Steve\Desktop\arduino_pomodoro\arduino_pomodoro\ArduinoCore\Debug\libArduinoCore.a(wiring_digital.o)
                0x000000ae                port_to_output_PGM
 .progmem.data.port_to_mode_PGM
                0x000000b8        0xa C:\Users\Steve\Desktop\arduino_pomodoro\arduino_pomodoro\ArduinoCore\Debug\libArduinoCore.a(wiring_digital.o)
                0x000000b8                port_to_mode_PGM
                0x000000c2                . = ALIGN (0x2)
 *(.jumptables)
 *(.jumptables*)
 *(.lowtext)
 *(.lowtext*)
                0x000000c2                __ctors_start = .
 *(.ctors)
                0x000000c2                __ctors_end = .
                0x000000c2                __dtors_start = .
 *(.dtors)
                0x000000c2                __dtors_end = .
 SORT(*)(.ctors)
 SORT(*)(.dtors)
 *(.init0)
 .init0         0x000000c2        0x0 D:/Program Files (x86)/Atmel/Studio/7.0/Packs/atmel/ATmega_DFP/1.2.209/gcc/dev/atmega328p/avr5/crtatmega328p.o
                0x000000c2                __init
 *(.init0)
 *(.init1)
 *(.init1)
 *(.init2)
 .init2         0x000000c2        0xc D:/Program Files (x86)/Atmel/Studio/7.0/Packs/atmel/ATmega_DFP/1.2.209/gcc/dev/atmega328p/avr5/crtatmega328p.o
 *(.init2)
 *(.init3)
 *(.init3)
 *(.init4)
 .init4         0x000000ce       0x10 d:/program files (x86)/atmel/studio/7.0/toolchain/avr8/avr8-gnu-toolchain/bin/../lib/gcc/avr/5.4.0/avr5\libgcc.a(_clear_bss.o)
                0x000000ce                __do_clear_bss
 .init4         0x000000de       0x16 d:/program files (x86)/atmel/studio/7.0/toolchain/avr8/avr8-gnu-toolchain/bin/../lib/gcc/avr/5.4.0/avr5\libgcc.a(_copy_data.o)
                0x000000de                __do_copy_data
 *(.init4)
 *(.init5)
 *(.init5)
 *(.init6)
 *(.init6)
 *(.init7)
 *(.init7)
 *(.init8)
 *(.init8)
 *(.init9)
 .init9         0x000000f4        0x8 D:/Program Files (x86)/Atmel/Studio/7.0/Packs/atmel/ATmega_DFP/1.2.209/gcc/dev/atmega328p/avr5/crtatmega328p.o
 *(.init9)
 *(.text)
 .text          0x000000fc        0x4 D:/Program Files (x86)/Atmel/Studio/7.0/Packs/atmel/ATmega_DFP/1.2.209/gcc/dev/atmega328p/avr5/crtatmega328p.o
                0x000000fc                __vector_22
                0x000000fc                __vector_1
                0x000000fc                __vector_24
                0x000000fc                __vector_12
                0x000000fc                __bad_interrupt
                0x000000fc                __vector_6
                0x000000fc                __vector_3
                0x000000fc                __vector_23
                0x000000fc                __vector_25
                0x000000fc                __vector_11
                0x000000fc                __vector_13
                0x000000fc                __vector_17
                0x000000fc                __vector_19
                0x000000fc                __vector_7
                0x000000fc                __vector_5
                0x000000fc                __vector_4
                0x000000fc                __vector_9
                0x000000fc                __vector_2
                0x000000fc                __vector_21
                0x000000fc                __vector_15
                0x000000fc                __vector_8
                0x000000fc                __vector_14
                0x000000fc                __vector_10
                0x000000fc                __vector_18
                0x000000fc                __vector_20
                0x00000100                . = ALIGN (0x2)
 *(.text.*)
 .text._ZN14BatteryMonitorC2Ehhhm
                0x00000100       0x84 batteryMonitor.o
                0x00000100                _ZN14BatteryMonitorC2Ehhhm
                0x00000100                _ZN14BatteryMonitorC1Ehhhm
 .text._ZN14BatteryMonitor18checkBatteryStatusEv
                0x00000184       0xb0 batteryMonitor.o
                0x00000184                _ZN14BatteryMonitor18checkBatteryStatusEv
 .text._ZN6ButtonC2Ehbb
                0x00000234       0x12 button.o
                0x00000234                _ZN6ButtonC2Ehbb
                0x00000234                _ZN6ButtonC1Ehbb
 .text._ZN6Button10isRiseEdgeEv
                0x00000246       0xb6 button.o
                0x00000246                _ZN6Button10isRiseEdgeEv
 .text._ZN3LEDC2Ehb
                0x000002fc       0x3a led.o
                0x000002fc                _ZN3LEDC1Ehb
                0x000002fc                _ZN3LEDC2Ehb
 .text._ZN3LED2onEv
                0x00000336        0xa led.o
                0x00000336                _ZN3LED2onEv
 .text._ZN3LED3offEv
                0x00000340        0xa led.o
                0x00000340                _ZN3LED3offEv
 .text._ZN3LED8getStateEv
                0x0000034a       0x14 led.o
                0x0000034a                _ZN3LED8getStateEv
 .text._ZN3LED5blinkEjh
                0x0000035e       0x7e led.o
                0x0000035e                _ZN3LED5blinkEjh
 .text._ZN3LED11periodBlinkEjhj
                0x000003dc       0xb8 led.o
                0x000003dc                _ZN3LED11periodBlinkEjhj
 .text._ZN3LED7powerOnEv
                0x00000494        0x4 led.o
                0x00000494                _ZN3LED7powerOnEv
 .text._ZN3LED8powerOffEv
                0x00000498        0x4 led.o
                0x00000498                _ZN3LED8powerOffEv
 .text._ZN3LED12timerRunningEv
                0x0000049c        0xe led.o
                0x0000049c                _ZN3LED12timerRunningEv
 .text._ZN3LED7walkingEv
                0x000004aa        0xe led.o
                0x000004aa                _ZN3LED7walkingEv
 .text._ZN3LED7snoozedEv
                0x000004b8        0xe led.o
                0x000004b8                _ZN3LED7snoozedEv
 .text._ZN5MotorC2Eib
                0x000004c6       0x20 motor.o
                0x000004c6                _ZN5MotorC2Eib
                0x000004c6                _ZN5MotorC1Eib
 .text._ZN5Motor5startEv
                0x000004e6        0xe motor.o
                0x000004e6                _ZN5Motor5startEv
 .text._ZN5Motor4stopEv
                0x000004f4        0xc motor.o
                0x000004f4                _ZN5Motor4stopEv
 .text._Z13hardwareSetupv
                0x00000500        0x8 pin.o
                0x00000500                _Z13hardwareSetupv
 .text._Z22is_preset_time_reachedv
                0x00000508        0xc main.o
                0x00000508                _Z22is_preset_time_reachedv
 .text._Z23is_time_setting_changedv
                0x00000514       0x10 main.o
                0x00000514                _Z23is_time_setting_changedv
 .text._Z22is_walk_button_pressedv
                0x00000524        0xc main.o
                0x00000524                _Z22is_walk_button_pressedv
 .text._Z24is_snooze_button_pressedv
                0x00000530        0xc main.o
                0x00000530                _Z24is_snooze_button_pressedv
 .text._Z21is_vibrating_overtimev
                0x0000053c        0xc main.o
                0x0000053c                _Z21is_vibrating_overtimev
 .text._Z23is_snoozed_time_reachedv
                0x00000548        0xc main.o
                0x00000548                _Z23is_snoozed_time_reachedv
 .text.setup    0x00000554      0x118 main.o
                0x00000554                setup
 .text.loop     0x0000066c      0x196 main.o
                0x0000066c                loop
 .text._ZN5TimerC2Ejj
                0x00000802       0x24 timer.o
                0x00000802                _ZN5TimerC2Ejj
                0x00000802                _ZN5TimerC1Ejj
 .text._ZN5Timer3runEv
                0x00000826       0x68 timer.o
                0x00000826                _ZN5Timer3runEv
 .text._ZN5Timer5resetEv
                0x0000088e        0x8 timer.o
                0x0000088e                _ZN5Timer5resetEv
 .text._ZN5Timer15readTimeSettingEi
                0x00000896       0x24 timer.o
                0x00000896                _ZN5Timer15readTimeSettingEi
 .text._ZN5Timer10isOvertimeEv
                0x000008ba       0x22 timer.o
                0x000008ba                _ZN5Timer10isOvertimeEv
 .text._ZN5Timer18isThresholdChangedEi
                0x000008dc       0x2a timer.o
                0x000008dc                _ZN5Timer18isThresholdChangedEi
 .text.initVariant
                0x00000906        0x2 C:\Users\Steve\Desktop\arduino_pomodoro\arduino_pomodoro\ArduinoCore\Debug\libArduinoCore.a(main.o)
                0x00000906                initVariant
 .text.startup.main
                0x00000908       0x1e C:\Users\Steve\Desktop\arduino_pomodoro\arduino_pomodoro\ArduinoCore\Debug\libArduinoCore.a(main.o)
                0x00000908                main
 .text._Znwj    0x00000926        0x4 C:\Users\Steve\Desktop\arduino_pomodoro\arduino_pomodoro\ArduinoCore\Debug\libArduinoCore.a(new.o)
                0x00000926                _Znwj
 .text.__vector_16
                0x0000092a       0x94 C:\Users\Steve\Desktop\arduino_pomodoro\arduino_pomodoro\ArduinoCore\Debug\libArduinoCore.a(wiring.o)
                0x0000092a                __vector_16
 .text.millis   0x000009be       0x18 C:\Users\Steve\Desktop\arduino_pomodoro\arduino_pomodoro\ArduinoCore\Debug\libArduinoCore.a(wiring.o)
                0x000009be                millis
 .text.init     0x000009d6       0x70 C:\Users\Steve\Desktop\arduino_pomodoro\arduino_pomodoro\ArduinoCore\Debug\libArduinoCore.a(wiring.o)
                0x000009d6                init
 .text.turnOffPWM
                0x00000a46       0x52 C:\Users\Steve\Desktop\arduino_pomodoro\arduino_pomodoro\ArduinoCore\Debug\libArduinoCore.a(wiring_digital.o)
 .text.pinMode  0x00000a98       0x78 C:\Users\Steve\Desktop\arduino_pomodoro\arduino_pomodoro\ArduinoCore\Debug\libArduinoCore.a(wiring_digital.o)
                0x00000a98                pinMode
 .text.digitalWrite
                0x00000b10       0x5e C:\Users\Steve\Desktop\arduino_pomodoro\arduino_pomodoro\ArduinoCore\Debug\libArduinoCore.a(wiring_digital.o)
                0x00000b10                digitalWrite
 .text.digitalRead
                0x00000b6e       0x52 C:\Users\Steve\Desktop\arduino_pomodoro\arduino_pomodoro\ArduinoCore\Debug\libArduinoCore.a(wiring_digital.o)
                0x00000b6e                digitalRead
 .text.avr-libc
                0x00000bc0      0x242 d:/program files (x86)/atmel/studio/7.0/toolchain/avr8/avr8-gnu-toolchain/bin/../lib/gcc/avr/5.4.0/../../../../avr/lib/avr5\libc.a(malloc.o)
                0x00000bc0                malloc
                0x00000cf0                free
                0x00000e02                . = ALIGN (0x2)
 *(.fini9)
 .fini9         0x00000e02        0x0 d:/program files (x86)/atmel/studio/7.0/toolchain/avr8/avr8-gnu-toolchain/bin/../lib/gcc/avr/5.4.0/avr5\libgcc.a(_exit.o)
                0x00000e02                _exit
                0x00000e02                exit
 *(.fini9)
 *(.fini8)
 *(.fini8)
 *(.fini7)
 *(.fini7)
 *(.fini6)
 *(.fini6)
 *(.fini5)
 *(.fini5)
 *(.fini4)
 *(.fini4)
 *(.fini3)
 *(.fini3)
 *(.fini2)
 *(.fini2)
 *(.fini1)
 *(.fini1)
 *(.fini0)
 .fini0         0x00000e02        0x4 d:/program files (x86)/atmel/studio/7.0/toolchain/avr8/avr8-gnu-toolchain/bin/../lib/gcc/avr/5.4.0/avr5\libgcc.a(_exit.o)
 *(.fini0)
                0x00000e06                _etext = .

.data           0x00800100        0x6 load address 0x00000e06
                0x00800100                PROVIDE (__data_start, .)
 *(.data)
 .data          0x00800100        0x6 d:/program files (x86)/atmel/studio/7.0/toolchain/avr8/avr8-gnu-toolchain/bin/../lib/gcc/avr/5.4.0/../../../../avr/lib/avr5\libc.a(malloc.o)
                0x00800100                __malloc_heap_end
                0x00800102                __malloc_heap_start
                0x00800104                __malloc_margin
 *(.data*)
 *(.gnu.linkonce.d*)
 *(.rodata)
 *(.rodata*)
 *(.gnu.linkonce.r*)
                0x00800106                . = ALIGN (0x2)
                0x00800106                _edata = .
                0x00800106                PROVIDE (__data_end, .)

.bss            0x00800106       0x1f
                0x00800106                PROVIDE (__bss_start, .)
 *(.bss)
 *(.bss*)
 .bss.batteryMonitor
                0x00800106        0x2 main.o
                0x00800106                batteryMonitor
 .bss.led       0x00800108        0x2 main.o
                0x00800108                led
 .bss.motor     0x0080010a        0x2 main.o
                0x0080010a                motor
 .bss.snooze_button
                0x0080010c        0x2 main.o
                0x0080010c                snooze_button
 .bss.main_button
                0x0080010e        0x2 main.o
                0x0080010e                main_button
 .bss.snoozeTimer
                0x00800110        0x2 main.o
                0x00800110                snoozeTimer
 .bss.vibrateTimer
                0x00800112        0x2 main.o
                0x00800112                vibrateTimer
 .bss.workTimer
                0x00800114        0x2 main.o
                0x00800114                workTimer
 .bss.state     0x00800116        0x2 main.o
                0x00800116                state
 .bss.timer0_fract
                0x00800118        0x1 C:\Users\Steve\Desktop\arduino_pomodoro\arduino_pomodoro\ArduinoCore\Debug\libArduinoCore.a(wiring.o)
 .bss.timer0_millis
                0x00800119        0x4 C:\Users\Steve\Desktop\arduino_pomodoro\arduino_pomodoro\ArduinoCore\Debug\libArduinoCore.a(wiring.o)
                0x00800119                timer0_millis
 .bss.timer0_overflow_count
                0x0080011d        0x4 C:\Users\Steve\Desktop\arduino_pomodoro\arduino_pomodoro\ArduinoCore\Debug\libArduinoCore.a(wiring.o)
                0x0080011d                timer0_overflow_count
 *(COMMON)
 COMMON         0x00800121        0x4 d:/program files (x86)/atmel/studio/7.0/toolchain/avr8/avr8-gnu-toolchain/bin/../lib/gcc/avr/5.4.0/../../../../avr/lib/avr5\libc.a(malloc.o)
                0x00800121                __brkval
                0x00800123                __flp
                0x00800125                PROVIDE (__bss_end, .)
                0x00000e06                __data_load_start = LOADADDR (.data)
                0x00000e0c                __data_load_end = (__data_load_start + SIZEOF (.data))

.noinit         0x00800125        0x0
                [!provide]                PROVIDE (__noinit_start, .)
 *(.noinit*)
                [!provide]                PROVIDE (__noinit_end, .)
                0x00800125                _end = .
                0x00800125                PROVIDE (__heap_start, .)

.eeprom         0x00810000        0x0
 *(.eeprom*)
                0x00810000                __eeprom_end = .

.fuse
 *(.fuse)
 *(.lfuse)
 *(.hfuse)
 *(.efuse)

.lock
 *(.lock*)

.signature
 *(.signature*)

.user_signatures
 *(.user_signatures*)

.stab
 *(.stab)

.stabstr
 *(.stabstr)

.stab.excl
 *(.stab.excl)

.stab.exclstr
 *(.stab.exclstr)

.stab.index
 *(.stab.index)

.stab.indexstr
 *(.stab.indexstr)

.comment        0x00000000       0x30
 *(.comment)
 .comment       0x00000000       0x30 batteryMonitor.o
                                 0x31 (size before relaxing)
 .comment       0x00000030       0x31 button.o
 .comment       0x00000030       0x31 led.o
 .comment       0x00000030       0x31 motor.o
 .comment       0x00000030       0x31 pin.o
 .comment       0x00000030       0x31 main.o
 .comment       0x00000030       0x31 timer.o
 .comment       0x00000030       0x31 C:\Users\Steve\Desktop\arduino_pomodoro\arduino_pomodoro\ArduinoCore\Debug\libArduinoCore.a(main.o)
 .comment       0x00000030       0x31 C:\Users\Steve\Desktop\arduino_pomodoro\arduino_pomodoro\ArduinoCore\Debug\libArduinoCore.a(new.o)
 .comment       0x00000030       0x31 C:\Users\Steve\Desktop\arduino_pomodoro\arduino_pomodoro\ArduinoCore\Debug\libArduinoCore.a(wiring.o)
 .comment       0x00000030       0x31 C:\Users\Steve\Desktop\arduino_pomodoro\arduino_pomodoro\ArduinoCore\Debug\libArduinoCore.a(wiring_digital.o)
 .comment       0x00000030       0x31 d:/program files (x86)/atmel/studio/7.0/toolchain/avr8/avr8-gnu-toolchain/bin/../lib/gcc/avr/5.4.0/../../../../avr/lib/avr5\libc.a(malloc.o)

.note.gnu.avr.deviceinfo
                0x00000000       0x40
 .note.gnu.avr.deviceinfo
                0x00000000       0x40 D:/Program Files (x86)/Atmel/Studio/7.0/Packs/atmel/ATmega_DFP/1.2.209/gcc/dev/atmega328p/avr5/crtatmega328p.o

.note.gnu.build-id
 *(.note.gnu.build-id)

.debug
 *(.debug)

.line
 *(.line)

.debug_srcinfo
 *(.debug_srcinfo)

.debug_sfnames
 *(.debug_sfnames)

.debug_aranges  0x00000000      0x2f8
 *(.debug_aranges)
 .debug_aranges
                0x00000000       0x30 batteryMonitor.o
 .debug_aranges
                0x00000030       0x40 button.o
 .debug_aranges
                0x00000070       0x88 led.o
 .debug_aranges
                0x000000f8       0x40 motor.o
 .debug_aranges
                0x00000138       0x20 pin.o
 .debug_aranges
                0x00000158       0x58 main.o
 .debug_aranges
                0x000001b0       0x70 timer.o
 .debug_aranges
                0x00000220       0x30 C:\Users\Steve\Desktop\arduino_pomodoro\arduino_pomodoro\ArduinoCore\Debug\libArduinoCore.a(main.o)
 .debug_aranges
                0x00000250       0x28 C:\Users\Steve\Desktop\arduino_pomodoro\arduino_pomodoro\ArduinoCore\Debug\libArduinoCore.a(new.o)
 .debug_aranges
                0x00000278       0x48 C:\Users\Steve\Desktop\arduino_pomodoro\arduino_pomodoro\ArduinoCore\Debug\libArduinoCore.a(wiring.o)
 .debug_aranges
                0x000002c0       0x38 C:\Users\Steve\Desktop\arduino_pomodoro\arduino_pomodoro\ArduinoCore\Debug\libArduinoCore.a(wiring_digital.o)

.debug_pubnames
 *(.debug_pubnames)

.debug_info     0x00000000     0x41e0
 *(.debug_info .gnu.linkonce.wi.*)
 .debug_info    0x00000000      0x5f4 D:/Program Files (x86)/Atmel/Studio/7.0/Packs/atmel/ATmega_DFP/1.2.209/gcc/dev/atmega328p/avr5/crtatmega328p.o
 .debug_info    0x000005f4      0x51f batteryMonitor.o
 .debug_info    0x00000b13      0x4d2 button.o
 .debug_info    0x00000fe5      0x9c6 led.o
 .debug_info    0x000019ab      0x414 motor.o
 .debug_info    0x00001dbf      0x208 pin.o
 .debug_info    0x00001fc7      0xe3d main.o
 .debug_info    0x00002e04      0x7c0 timer.o
 .debug_info    0x000035c4      0x237 C:\Users\Steve\Desktop\arduino_pomodoro\arduino_pomodoro\ArduinoCore\Debug\libArduinoCore.a(main.o)
 .debug_info    0x000037fb      0x11c C:\Users\Steve\Desktop\arduino_pomodoro\arduino_pomodoro\ArduinoCore\Debug\libArduinoCore.a(new.o)
 .debug_info    0x00003917      0x2cb C:\Users\Steve\Desktop\arduino_pomodoro\arduino_pomodoro\ArduinoCore\Debug\libArduinoCore.a(wiring.o)
 .debug_info    0x00003be2      0x5fe C:\Users\Steve\Desktop\arduino_pomodoro\arduino_pomodoro\ArduinoCore\Debug\libArduinoCore.a(wiring_digital.o)

.debug_abbrev   0x00000000     0x176e
 *(.debug_abbrev)
 .debug_abbrev  0x00000000      0x5a2 D:/Program Files (x86)/Atmel/Studio/7.0/Packs/atmel/ATmega_DFP/1.2.209/gcc/dev/atmega328p/avr5/crtatmega328p.o
 .debug_abbrev  0x000005a2      0x1cf batteryMonitor.o
 .debug_abbrev  0x00000771      0x1f1 button.o
 .debug_abbrev  0x00000962      0x26e led.o
 .debug_abbrev  0x00000bd0      0x1b4 motor.o
 .debug_abbrev  0x00000d84       0xc6 pin.o
 .debug_abbrev  0x00000e4a      0x226 main.o
 .debug_abbrev  0x00001070      0x262 timer.o
 .debug_abbrev  0x000012d2      0x12d C:\Users\Steve\Desktop\arduino_pomodoro\arduino_pomodoro\ArduinoCore\Debug\libArduinoCore.a(main.o)
 .debug_abbrev  0x000013ff       0xce C:\Users\Steve\Desktop\arduino_pomodoro\arduino_pomodoro\ArduinoCore\Debug\libArduinoCore.a(new.o)
 .debug_abbrev  0x000014cd      0x146 C:\Users\Steve\Desktop\arduino_pomodoro\arduino_pomodoro\ArduinoCore\Debug\libArduinoCore.a(wiring.o)
 .debug_abbrev  0x00001613      0x15b C:\Users\Steve\Desktop\arduino_pomodoro\arduino_pomodoro\ArduinoCore\Debug\libArduinoCore.a(wiring_digital.o)

.debug_line     0x00000000     0x185a
 *(.debug_line .debug_line.* .debug_line_end)
 .debug_line    0x00000000      0x133 D:/Program Files (x86)/Atmel/Studio/7.0/Packs/atmel/ATmega_DFP/1.2.209/gcc/dev/atmega328p/avr5/crtatmega328p.o
 .debug_line    0x00000133      0x20a batteryMonitor.o
 .debug_line    0x0000033d      0x249 button.o
 .debug_line    0x00000586      0x2ee led.o
 .debug_line    0x00000874      0x1c5 motor.o
 .debug_line    0x00000a39      0x123 pin.o
 .debug_line    0x00000b5c      0x31c main.o
 .debug_line    0x00000e78      0x268 timer.o
 .debug_line    0x000010e0      0x165 C:\Users\Steve\Desktop\arduino_pomodoro\arduino_pomodoro\ArduinoCore\Debug\libArduinoCore.a(main.o)
 .debug_line    0x00001245      0x12f C:\Users\Steve\Desktop\arduino_pomodoro\arduino_pomodoro\ArduinoCore\Debug\libArduinoCore.a(new.o)
 .debug_line    0x00001374      0x294 C:\Users\Steve\Desktop\arduino_pomodoro\arduino_pomodoro\ArduinoCore\Debug\libArduinoCore.a(wiring.o)
 .debug_line    0x00001608      0x252 C:\Users\Steve\Desktop\arduino_pomodoro\arduino_pomodoro\ArduinoCore\Debug\libArduinoCore.a(wiring_digital.o)

.debug_frame    0x00000000      0x768
 *(.debug_frame)
 .debug_frame   0x00000000       0xa0 batteryMonitor.o
 .debug_frame   0x000000a0       0xc0 button.o
 .debug_frame   0x00000160      0x17c led.o
 .debug_frame   0x000002dc       0x7c motor.o
 .debug_frame   0x00000358       0x24 pin.o
 .debug_frame   0x0000037c       0xe0 main.o
 .debug_frame   0x0000045c      0x124 timer.o
 .debug_frame   0x00000580       0x54 C:\Users\Steve\Desktop\arduino_pomodoro\arduino_pomodoro\ArduinoCore\Debug\libArduinoCore.a(main.o)
 .debug_frame   0x000005d4       0x54 C:\Users\Steve\Desktop\arduino_pomodoro\arduino_pomodoro\ArduinoCore\Debug\libArduinoCore.a(new.o)
 .debug_frame   0x00000628       0xc4 C:\Users\Steve\Desktop\arduino_pomodoro\arduino_pomodoro\ArduinoCore\Debug\libArduinoCore.a(wiring.o)
 .debug_frame   0x000006ec       0x7c C:\Users\Steve\Desktop\arduino_pomodoro\arduino_pomodoro\ArduinoCore\Debug\libArduinoCore.a(wiring_digital.o)

.debug_str      0x00000000     0x10b4
 *(.debug_str)
 .debug_str     0x00000000      0x208 D:/Program Files (x86)/Atmel/Studio/7.0/Packs/atmel/ATmega_DFP/1.2.209/gcc/dev/atmega328p/avr5/crtatmega328p.o
 .debug_str     0x00000208      0x3fc batteryMonitor.o
                                0x452 (size before relaxing)
 .debug_str     0x00000604      0x104 button.o
                                0x38c (size before relaxing)
 .debug_str     0x00000708      0x1f9 led.o
                                0x48d (size before relaxing)
 .debug_str     0x00000901       0xa3 motor.o
                                0x318 (size before relaxing)
 .debug_str     0x000009a4       0x58 pin.o
                                0x2e6 (size before relaxing)
 .debug_str     0x000009fc      0x344 main.o
                                0xa47 (size before relaxing)
 .debug_str     0x00000d40       0x39 timer.o
                                0x4ad (size before relaxing)
 .debug_str     0x00000d79       0xaa C:\Users\Steve\Desktop\arduino_pomodoro\arduino_pomodoro\ArduinoCore\Debug\libArduinoCore.a(main.o)
                                0x2aa (size before relaxing)
 .debug_str     0x00000e23       0x5c C:\Users\Steve\Desktop\arduino_pomodoro\arduino_pomodoro\ArduinoCore\Debug\libArduinoCore.a(new.o)
                                0x1c0 (size before relaxing)
 .debug_str     0x00000e7f      0x165 C:\Users\Steve\Desktop\arduino_pomodoro\arduino_pomodoro\ArduinoCore\Debug\libArduinoCore.a(wiring.o)
                                0x240 (size before relaxing)
 .debug_str     0x00000fe4       0xd0 C:\Users\Steve\Desktop\arduino_pomodoro\arduino_pomodoro\ArduinoCore\Debug\libArduinoCore.a(wiring_digital.o)
                                0x2a5 (size before relaxing)

.debug_loc      0x00000000     0x1a0d
 *(.debug_loc)
 .debug_loc     0x00000000      0x268 batteryMonitor.o
 .debug_loc     0x00000268      0x25f button.o
 .debug_loc     0x000004c7      0x60f led.o
 .debug_loc     0x00000ad6      0x1c1 motor.o
 .debug_loc     0x00000c97       0x92 main.o
 .debug_loc     0x00000d29      0x40f timer.o
 .debug_loc     0x00001138       0x4c C:\Users\Steve\Desktop\arduino_pomodoro\arduino_pomodoro\ArduinoCore\Debug\libArduinoCore.a(new.o)
 .debug_loc     0x00001184      0x28d C:\Users\Steve\Desktop\arduino_pomodoro\arduino_pomodoro\ArduinoCore\Debug\libArduinoCore.a(wiring.o)
 .debug_loc     0x00001411      0x5fc C:\Users\Steve\Desktop\arduino_pomodoro\arduino_pomodoro\ArduinoCore\Debug\libArduinoCore.a(wiring_digital.o)

.debug_macinfo
 *(.debug_macinfo)

.debug_weaknames
 *(.debug_weaknames)

.debug_funcnames
 *(.debug_funcnames)

.debug_typenames
 *(.debug_typenames)

.debug_varnames
 *(.debug_varnames)

.debug_pubtypes
 *(.debug_pubtypes)

.debug_ranges   0x00000000      0x248
 *(.debug_ranges)
 .debug_ranges  0x00000000       0x20 batteryMonitor.o
 .debug_ranges  0x00000020       0x30 button.o
 .debug_ranges  0x00000050       0x78 led.o
 .debug_ranges  0x000000c8       0x30 motor.o
 .debug_ranges  0x000000f8       0x10 pin.o
 .debug_ranges  0x00000108       0x48 main.o
 .debug_ranges  0x00000150       0x60 timer.o
 .debug_ranges  0x000001b0       0x20 C:\Users\Steve\Desktop\arduino_pomodoro\arduino_pomodoro\ArduinoCore\Debug\libArduinoCore.a(main.o)
 .debug_ranges  0x000001d0       0x18 C:\Users\Steve\Desktop\arduino_pomodoro\arduino_pomodoro\ArduinoCore\Debug\libArduinoCore.a(new.o)
 .debug_ranges  0x000001e8       0x38 C:\Users\Steve\Desktop\arduino_pomodoro\arduino_pomodoro\ArduinoCore\Debug\libArduinoCore.a(wiring.o)
 .debug_ranges  0x00000220       0x28 C:\Users\Steve\Desktop\arduino_pomodoro\arduino_pomodoro\ArduinoCore\Debug\libArduinoCore.a(wiring_digital.o)

.debug_macro
 *(.debug_macro)
OUTPUT(arduino_pomodoro.elf elf32-avr)
LOAD linker stubs
